###############################################################################
#
# IAR ELF Linker V8.50.9.278/W32 for ARM                  09/Mar/2021  15:02:03
# Copyright 2007-2020 IAR Systems AB.
#
#    Output file  =
#        C:\Users\610120299\Documents\GitHub\GMI-Motor-sideV2\GMI-Motor-side\EWARM\4.5kW_GMI_DecStar\Exe\4.5kW_GMI_DecStar.out
#    Map file     =
#        C:\Users\610120299\Documents\GitHub\GMI-Motor-sideV2\GMI-Motor-side\EWARM\4.5kW_GMI_DecStar\List\4.5kW_GMI_DecStar.map
#    Command line =
#        -f C:\Users\610120~1\AppData\Local\Temp\EW3013.tmp
#        (C:\Users\610120299\Documents\GitHub\GMI-Motor-sideV2\GMI-Motor-side\EWARM\4.5kW_GMI_DecStar\Obj\bus_voltage_sensor.o
#        C:\Users\610120299\Documents\GitHub\GMI-Motor-sideV2\GMI-Motor-side\EWARM\4.5kW_GMI_DecStar\Obj\circle_limitation.o
#        C:\Users\610120299\Documents\GitHub\GMI-Motor-sideV2\GMI-Motor-side\EWARM\4.5kW_GMI_DecStar\Obj\dac_common_ui.o
#        C:\Users\610120299\Documents\GitHub\GMI-Motor-sideV2\GMI-Motor-side\EWARM\4.5kW_GMI_DecStar\Obj\dac_ui.o
#        C:\Users\610120299\Documents\GitHub\GMI-Motor-sideV2\GMI-Motor-side\EWARM\4.5kW_GMI_DecStar\Obj\digital_output.o
#        C:\Users\610120299\Documents\GitHub\GMI-Motor-sideV2\GMI-Motor-side\EWARM\4.5kW_GMI_DecStar\Obj\driver_usart2.o
#        C:\Users\610120299\Documents\GitHub\GMI-Motor-sideV2\GMI-Motor-side\EWARM\4.5kW_GMI_DecStar\Obj\frame_communication_protocol.o
#        C:\Users\610120299\Documents\GitHub\GMI-Motor-sideV2\GMI-Motor-side\EWARM\4.5kW_GMI_DecStar\Obj\hall_speed_pos_fdbk.o
#        C:\Users\610120299\Documents\GitHub\GMI-Motor-sideV2\GMI-Motor-side\EWARM\4.5kW_GMI_DecStar\Obj\inrush_current_limiter.o
#        C:\Users\610120299\Documents\GitHub\GMI-Motor-sideV2\GMI-Motor-side\EWARM\4.5kW_GMI_DecStar\Obj\main.o
#        C:\Users\610120299\Documents\GitHub\GMI-Motor-sideV2\GMI-Motor-side\EWARM\4.5kW_GMI_DecStar\Obj\mc_api.o
#        C:\Users\610120299\Documents\GitHub\GMI-Motor-sideV2\GMI-Motor-side\EWARM\4.5kW_GMI_DecStar\Obj\mc_config.o
#        C:\Users\610120299\Documents\GitHub\GMI-Motor-sideV2\GMI-Motor-side\EWARM\4.5kW_GMI_DecStar\Obj\mc_interface.o
#        C:\Users\610120299\Documents\GitHub\GMI-Motor-sideV2\GMI-Motor-side\EWARM\4.5kW_GMI_DecStar\Obj\mc_math.o
#        C:\Users\610120299\Documents\GitHub\GMI-Motor-sideV2\GMI-Motor-side\EWARM\4.5kW_GMI_DecStar\Obj\mc_parameters.o
#        C:\Users\610120299\Documents\GitHub\GMI-Motor-sideV2\GMI-Motor-side\EWARM\4.5kW_GMI_DecStar\Obj\mc_tasks.o
#        C:\Users\610120299\Documents\GitHub\GMI-Motor-sideV2\GMI-Motor-side\EWARM\4.5kW_GMI_DecStar\Obj\module_app.o
#        C:\Users\610120299\Documents\GitHub\GMI-Motor-sideV2\GMI-Motor-side\EWARM\4.5kW_GMI_DecStar\Obj\module_AutoAck.o
#        C:\Users\610120299\Documents\GitHub\GMI-Motor-sideV2\GMI-Motor-side\EWARM\4.5kW_GMI_DecStar\Obj\module_err_logHande.o
#        C:\Users\610120299\Documents\GitHub\GMI-Motor-sideV2\GMI-Motor-side\EWARM\4.5kW_GMI_DecStar\Obj\module_flash.o
#        C:\Users\610120299\Documents\GitHub\GMI-Motor-sideV2\GMI-Motor-side\EWARM\4.5kW_GMI_DecStar\Obj\module_FlashRegisterCmd.o
#        C:\Users\610120299\Documents\GitHub\GMI-Motor-sideV2\GMI-Motor-side\EWARM\4.5kW_GMI_DecStar\Obj\module_FlashUpdateCmd.o
#        C:\Users\610120299\Documents\GitHub\GMI-Motor-sideV2\GMI-Motor-side\EWARM\4.5kW_GMI_DecStar\Obj\module_Mc_StateMachine.o
#        C:\Users\610120299\Documents\GitHub\GMI-Motor-sideV2\GMI-Motor-side\EWARM\4.5kW_GMI_DecStar\Obj\module_ReplyCmd.o
#        C:\Users\610120299\Documents\GitHub\GMI-Motor-sideV2\GMI-Motor-side\EWARM\4.5kW_GMI_DecStar\Obj\module_ShortCmd.o
#        C:\Users\610120299\Documents\GitHub\GMI-Motor-sideV2\GMI-Motor-side\EWARM\4.5kW_GMI_DecStar\Obj\module_usart2.o
#        C:\Users\610120299\Documents\GitHub\GMI-Motor-sideV2\GMI-Motor-side\EWARM\4.5kW_GMI_DecStar\Obj\motor_control_protocol.o
#        C:\Users\610120299\Documents\GitHub\GMI-Motor-sideV2\GMI-Motor-side\EWARM\4.5kW_GMI_DecStar\Obj\motor_power_measurement.o
#        C:\Users\610120299\Documents\GitHub\GMI-Motor-sideV2\GMI-Motor-side\EWARM\4.5kW_GMI_DecStar\Obj\motorcontrol.o
#        C:\Users\610120299\Documents\GitHub\GMI-Motor-sideV2\GMI-Motor-side\EWARM\4.5kW_GMI_DecStar\Obj\ntc_temperature_sensor.o
#        C:\Users\610120299\Documents\GitHub\GMI-Motor-sideV2\GMI-Motor-side\EWARM\4.5kW_GMI_DecStar\Obj\open_loop.o
#        C:\Users\610120299\Documents\GitHub\GMI-Motor-sideV2\GMI-Motor-side\EWARM\4.5kW_GMI_DecStar\Obj\pid_regulator.o
#        C:\Users\610120299\Documents\GitHub\GMI-Motor-sideV2\GMI-Motor-side\EWARM\4.5kW_GMI_DecStar\Obj\pqd_motor_power_measurement.o
#        C:\Users\610120299\Documents\GitHub\GMI-Motor-sideV2\GMI-Motor-side\EWARM\4.5kW_GMI_DecStar\Obj\pwm_common.o
#        C:\Users\610120299\Documents\GitHub\GMI-Motor-sideV2\GMI-Motor-side\EWARM\4.5kW_GMI_DecStar\Obj\pwm_curr_fdbk.o
#        C:\Users\610120299\Documents\GitHub\GMI-Motor-sideV2\GMI-Motor-side\EWARM\4.5kW_GMI_DecStar\Obj\r3_1_f30x_pwm_curr_fdbk.o
#        C:\Users\610120299\Documents\GitHub\GMI-Motor-sideV2\GMI-Motor-side\EWARM\4.5kW_GMI_DecStar\Obj\r_divider_bus_voltage_sensor.o
#        C:\Users\610120299\Documents\GitHub\GMI-Motor-sideV2\GMI-Motor-side\EWARM\4.5kW_GMI_DecStar\Obj\ram_buffer.o
#        C:\Users\610120299\Documents\GitHub\GMI-Motor-sideV2\GMI-Motor-side\EWARM\4.5kW_GMI_DecStar\Obj\ramp_ext_mngr.o
#        C:\Users\610120299\Documents\GitHub\GMI-Motor-sideV2\GMI-Motor-side\EWARM\4.5kW_GMI_DecStar\Obj\regal_mc_lib.o
#        C:\Users\610120299\Documents\GitHub\GMI-Motor-sideV2\GMI-Motor-side\EWARM\4.5kW_GMI_DecStar\Obj\regular_conversion_manager.o
#        C:\Users\610120299\Documents\GitHub\GMI-Motor-sideV2\GMI-Motor-side\EWARM\4.5kW_GMI_DecStar\Obj\revup_ctrl.o
#        C:\Users\610120299\Documents\GitHub\GMI-Motor-sideV2\GMI-Motor-side\EWARM\4.5kW_GMI_DecStar\Obj\ring_buffer.o
#        C:\Users\610120299\Documents\GitHub\GMI-Motor-sideV2\GMI-Motor-side\EWARM\4.5kW_GMI_DecStar\Obj\scheduler.o
#        C:\Users\610120299\Documents\GitHub\GMI-Motor-sideV2\GMI-Motor-side\EWARM\4.5kW_GMI_DecStar\Obj\sequential_memory.o
#        C:\Users\610120299\Documents\GitHub\GMI-Motor-sideV2\GMI-Motor-side\EWARM\4.5kW_GMI_DecStar\Obj\speed_pos_fdbk.o
#        C:\Users\610120299\Documents\GitHub\GMI-Motor-sideV2\GMI-Motor-side\EWARM\4.5kW_GMI_DecStar\Obj\speed_torq_ctrl.o
#        C:\Users\610120299\Documents\GitHub\GMI-Motor-sideV2\GMI-Motor-side\EWARM\4.5kW_GMI_DecStar\Obj\startup_stm32f302x8.o
#        C:\Users\610120299\Documents\GitHub\GMI-Motor-sideV2\GMI-Motor-side\EWARM\4.5kW_GMI_DecStar\Obj\state_machine.o
#        C:\Users\610120299\Documents\GitHub\GMI-Motor-sideV2\GMI-Motor-side\EWARM\4.5kW_GMI_DecStar\Obj\stm32f30x_mc_it.o
#        C:\Users\610120299\Documents\GitHub\GMI-Motor-sideV2\GMI-Motor-side\EWARM\4.5kW_GMI_DecStar\Obj\stm32f3xx_hal.o
#        C:\Users\610120299\Documents\GitHub\GMI-Motor-sideV2\GMI-Motor-side\EWARM\4.5kW_GMI_DecStar\Obj\stm32f3xx_hal_cortex.o
#        C:\Users\610120299\Documents\GitHub\GMI-Motor-sideV2\GMI-Motor-side\EWARM\4.5kW_GMI_DecStar\Obj\stm32f3xx_hal_dma.o
#        C:\Users\610120299\Documents\GitHub\GMI-Motor-sideV2\GMI-Motor-side\EWARM\4.5kW_GMI_DecStar\Obj\stm32f3xx_hal_exti.o
#        C:\Users\610120299\Documents\GitHub\GMI-Motor-sideV2\GMI-Motor-side\EWARM\4.5kW_GMI_DecStar\Obj\stm32f3xx_hal_flash.o
#        C:\Users\610120299\Documents\GitHub\GMI-Motor-sideV2\GMI-Motor-side\EWARM\4.5kW_GMI_DecStar\Obj\stm32f3xx_hal_flash_ex.o
#        C:\Users\610120299\Documents\GitHub\GMI-Motor-sideV2\GMI-Motor-side\EWARM\4.5kW_GMI_DecStar\Obj\stm32f3xx_hal_gpio.o
#        C:\Users\610120299\Documents\GitHub\GMI-Motor-sideV2\GMI-Motor-side\EWARM\4.5kW_GMI_DecStar\Obj\stm32f3xx_hal_i2c.o
#        C:\Users\610120299\Documents\GitHub\GMI-Motor-sideV2\GMI-Motor-side\EWARM\4.5kW_GMI_DecStar\Obj\stm32f3xx_hal_i2c_ex.o
#        C:\Users\610120299\Documents\GitHub\GMI-Motor-sideV2\GMI-Motor-side\EWARM\4.5kW_GMI_DecStar\Obj\stm32f3xx_hal_msp.o
#        C:\Users\610120299\Documents\GitHub\GMI-Motor-sideV2\GMI-Motor-side\EWARM\4.5kW_GMI_DecStar\Obj\stm32f3xx_hal_pwr.o
#        C:\Users\610120299\Documents\GitHub\GMI-Motor-sideV2\GMI-Motor-side\EWARM\4.5kW_GMI_DecStar\Obj\stm32f3xx_hal_pwr_ex.o
#        C:\Users\610120299\Documents\GitHub\GMI-Motor-sideV2\GMI-Motor-side\EWARM\4.5kW_GMI_DecStar\Obj\stm32f3xx_hal_rcc.o
#        C:\Users\610120299\Documents\GitHub\GMI-Motor-sideV2\GMI-Motor-side\EWARM\4.5kW_GMI_DecStar\Obj\stm32f3xx_hal_rcc_ex.o
#        C:\Users\610120299\Documents\GitHub\GMI-Motor-sideV2\GMI-Motor-side\EWARM\4.5kW_GMI_DecStar\Obj\stm32f3xx_hal_tim.o
#        C:\Users\610120299\Documents\GitHub\GMI-Motor-sideV2\GMI-Motor-side\EWARM\4.5kW_GMI_DecStar\Obj\stm32f3xx_hal_tim_ex.o
#        C:\Users\610120299\Documents\GitHub\GMI-Motor-sideV2\GMI-Motor-side\EWARM\4.5kW_GMI_DecStar\Obj\stm32f3xx_it.o
#        C:\Users\610120299\Documents\GitHub\GMI-Motor-sideV2\GMI-Motor-side\EWARM\4.5kW_GMI_DecStar\Obj\stm32f3xx_ll_adc.o
#        C:\Users\610120299\Documents\GitHub\GMI-Motor-sideV2\GMI-Motor-side\EWARM\4.5kW_GMI_DecStar\Obj\stm32f3xx_ll_dac.o
#        C:\Users\610120299\Documents\GitHub\GMI-Motor-sideV2\GMI-Motor-side\EWARM\4.5kW_GMI_DecStar\Obj\stm32f3xx_ll_dma.o
#        C:\Users\610120299\Documents\GitHub\GMI-Motor-sideV2\GMI-Motor-side\EWARM\4.5kW_GMI_DecStar\Obj\stm32f3xx_ll_exti.o
#        C:\Users\610120299\Documents\GitHub\GMI-Motor-sideV2\GMI-Motor-side\EWARM\4.5kW_GMI_DecStar\Obj\stm32f3xx_ll_gpio.o
#        C:\Users\610120299\Documents\GitHub\GMI-Motor-sideV2\GMI-Motor-side\EWARM\4.5kW_GMI_DecStar\Obj\stm32f3xx_ll_rcc.o
#        C:\Users\610120299\Documents\GitHub\GMI-Motor-sideV2\GMI-Motor-side\EWARM\4.5kW_GMI_DecStar\Obj\stm32f3xx_ll_tim.o
#        C:\Users\610120299\Documents\GitHub\GMI-Motor-sideV2\GMI-Motor-side\EWARM\4.5kW_GMI_DecStar\Obj\stm32f3xx_ll_usart.o
#        C:\Users\610120299\Documents\GitHub\GMI-Motor-sideV2\GMI-Motor-side\EWARM\4.5kW_GMI_DecStar\Obj\stm32f3xx_ll_utils.o
#        C:\Users\610120299\Documents\GitHub\GMI-Motor-sideV2\GMI-Motor-side\EWARM\4.5kW_GMI_DecStar\Obj\sto_pll_speed_pos_fdbk.o
#        C:\Users\610120299\Documents\GitHub\GMI-Motor-sideV2\GMI-Motor-side\EWARM\4.5kW_GMI_DecStar\Obj\structured_memory.o
#        C:\Users\610120299\Documents\GitHub\GMI-Motor-sideV2\GMI-Motor-side\EWARM\4.5kW_GMI_DecStar\Obj\system_stm32f3xx.o
#        C:\Users\610120299\Documents\GitHub\GMI-Motor-sideV2\GMI-Motor-side\EWARM\4.5kW_GMI_DecStar\Obj\ui_irq_handler.o
#        C:\Users\610120299\Documents\GitHub\GMI-Motor-sideV2\GMI-Motor-side\EWARM\4.5kW_GMI_DecStar\Obj\ui_task.o
#        C:\Users\610120299\Documents\GitHub\GMI-Motor-sideV2\GMI-Motor-side\EWARM\4.5kW_GMI_DecStar\Obj\usart_frame_communication_protocol.o
#        C:\Users\610120299\Documents\GitHub\GMI-Motor-sideV2\GMI-Motor-side\EWARM\4.5kW_GMI_DecStar\Obj\user_interface.o
#        C:\Users\610120299\Documents\GitHub\GMI-Motor-sideV2\GMI-Motor-side\EWARM\4.5kW_GMI_DecStar\Obj\virtual_speed_sensor.o
#        --redirect _Printf=_PrintfFull --redirect _Scanf=_ScanfFull
#        --no_out_extension -o
#        C:\Users\610120299\Documents\GitHub\GMI-Motor-sideV2\GMI-Motor-side\EWARM\4.5kW_GMI_DecStar\Exe\4.5kW_GMI_DecStar.out
#        --map
#        C:\Users\610120299\Documents\GitHub\GMI-Motor-sideV2\GMI-Motor-side\EWARM\4.5kW_GMI_DecStar\List\4.5kW_GMI_DecStar.map
#        --config
#        C:\Users\610120299\Documents\GitHub\GMI-Motor-sideV2\GMI-Motor-side\EWARM/stm32f302x8_flash.icf
#        --semihosting --entry __iar_program_start --vfe --text_out locale)
#
###############################################################################

*******************************************************************************
*** RUNTIME MODEL ATTRIBUTES
***

CppFlavor       = *
__Heap_Handler  = NoFree
__SystemLibrary = DLib
__dlib_version  = 6


*******************************************************************************
*** HEAP SELECTION
***

The no free heap was selected because no calls to memory
deallocation functions were found in the application.


*******************************************************************************
*** PLACEMENT SUMMARY
***

"A0":  place at address 0x800'0000 { ro section .intvec };
"P1":  place in [from 0x800'0000 to 0x800'efff] { ro };
"P2":  place in [from 0x800'1000 to 0x800'1fff] {
          ro object scheduler.o, ro object sequential_memory.o,
          ro object structured_memory.o, ro object ram_buffer.o,
          ro object ring_buffer.o, ro object driver_usart2.o,
          ro object module_usart2.o };
define block CSTACK with size = 1K, alignment = 8 { };
define block HEAP with size = 4K, alignment = 8 { };
"P3":  place in [from 0x2000'0000 to 0x2000'3fff] {
          rw, block CSTACK, block HEAP };
initialize by copy { rw };

  Section            Kind         Address    Size  Object
  -------            ----         -------    ----  ------
"A0":                                       0x188
  .intvec            ro code   0x800'0000   0x188  startup_stm32f302x8.o [1]
                             - 0x800'0188   0x188

"P1", part 1 of 2:                          0xac4
  .text              ro code   0x800'0188   0x9a4  r3_1_f30x_pwm_curr_fdbk.o [1]
  .text              ro code   0x800'0b2c    0x10  startup_stm32f302x8.o [1]
  .text              ro code   0x800'0b3c     0xa  sto_pll_speed_pos_fdbk.o [1]
  .rodata            const     0x800'0b48     0x8  system_stm32f3xx.o [1]
  .text              ro code   0x800'0b50     0x8  dac_common_ui.o [1]
  .text              ro code   0x800'0b58     0x8  dac_common_ui.o [1]
  .text              ro code   0x800'0b60     0x8  dac_common_ui.o [1]
  .text              ro code   0x800'0b68     0x8  sto_pll_speed_pos_fdbk.o [1]
  .text              ro code   0x800'0b70     0x8  abs.o [2]
  .text              ro code   0x800'0b78     0x4  startup_stm32f302x8.o [1]
  .text              ro code   0x800'0b7c     0x4  startup_stm32f302x8.o [1]
  .text              ro code   0x800'0b80     0x4  startup_stm32f302x8.o [1]
  .text              ro code   0x800'0b84     0x4  startup_stm32f302x8.o [1]
  .text              ro code   0x800'0b88     0x4  startup_stm32f302x8.o [1]
  .text              ro code   0x800'0b8c     0x4  startup_stm32f302x8.o [1]
  .text              ro code   0x800'0b90     0x4  startup_stm32f302x8.o [1]
  .text              ro code   0x800'0b94     0x4  startup_stm32f302x8.o [1]
  .text              ro code   0x800'0b98     0x4  startup_stm32f302x8.o [1]
  .text              ro code   0x800'0b9c     0x4  startup_stm32f302x8.o [1]
  .text              ro code   0x800'0ba0     0x4  startup_stm32f302x8.o [1]
  .text              ro code   0x800'0ba4     0x4  startup_stm32f302x8.o [1]
  .text              ro code   0x800'0ba8     0x4  startup_stm32f302x8.o [1]
  .text              ro code   0x800'0bac     0x4  startup_stm32f302x8.o [1]
  .text              ro code   0x800'0bb0     0x4  startup_stm32f302x8.o [1]
  .text              ro code   0x800'0bb4     0x4  startup_stm32f302x8.o [1]
  .text              ro code   0x800'0bb8     0x4  startup_stm32f302x8.o [1]
  .text              ro code   0x800'0bbc     0x4  startup_stm32f302x8.o [1]
  .text              ro code   0x800'0bc0     0x4  startup_stm32f302x8.o [1]
  .text              ro code   0x800'0bc4     0x4  startup_stm32f302x8.o [1]
  .text              ro code   0x800'0bc8     0x4  startup_stm32f302x8.o [1]
  .text              ro code   0x800'0bcc     0x4  startup_stm32f302x8.o [1]
  .text              ro code   0x800'0bd0     0x4  startup_stm32f302x8.o [1]
  .text              ro code   0x800'0bd4     0x4  startup_stm32f302x8.o [1]
  .text              ro code   0x800'0bd8     0x4  startup_stm32f302x8.o [1]
  .text              ro code   0x800'0bdc     0x4  startup_stm32f302x8.o [1]
  .text              ro code   0x800'0be0     0x4  startup_stm32f302x8.o [1]
  .text              ro code   0x800'0be4     0x4  startup_stm32f302x8.o [1]
  .text              ro code   0x800'0be8     0x4  startup_stm32f302x8.o [1]
  .text              ro code   0x800'0bec     0x4  startup_stm32f302x8.o [1]
  .text              ro code   0x800'0bf0     0x4  startup_stm32f302x8.o [1]
  .text              ro code   0x800'0bf4     0x4  startup_stm32f302x8.o [1]
  .text              ro code   0x800'0bf8     0x4  startup_stm32f302x8.o [1]
  .text              ro code   0x800'0bfc     0x4  startup_stm32f302x8.o [1]
  .text              ro code   0x800'0c00     0x4  startup_stm32f302x8.o [1]
  .text              ro code   0x800'0c04     0x4  startup_stm32f302x8.o [1]
  .text              ro code   0x800'0c08     0x4  startup_stm32f302x8.o [1]
  .text              ro code   0x800'0c0c     0x4  startup_stm32f302x8.o [1]
  .text              ro code   0x800'0c10     0x4  startup_stm32f302x8.o [1]
  .text              ro code   0x800'0c14     0x4  startup_stm32f302x8.o [1]
  .text              ro code   0x800'0c18     0x4  startup_stm32f302x8.o [1]
  .text              ro code   0x800'0c1c     0x4  startup_stm32f302x8.o [1]
  .text              ro code   0x800'0c20     0x4  startup_stm32f302x8.o [1]
  .text              ro code   0x800'0c24     0x4  startup_stm32f302x8.o [1]
  .text              ro code   0x800'0c28     0x4  startup_stm32f302x8.o [1]
  .text              ro code   0x800'0c2c     0x4  startup_stm32f302x8.o [1]
  .text              ro code   0x800'0c30     0x4  startup_stm32f302x8.o [1]
  .text              ro code   0x800'0c34     0x4  startup_stm32f302x8.o [1]
  .text              ro code   0x800'0c38     0x4  startup_stm32f302x8.o [1]
  .text              ro code   0x800'0c3c     0x4  startup_stm32f302x8.o [1]
  .text              ro code   0x800'0c40     0x4  startup_stm32f302x8.o [1]
  .text              ro code   0x800'0c44     0x4  startup_stm32f302x8.o [1]
  .text              ro code   0x800'0c48     0x4  startup_stm32f302x8.o [1]
  .rodata            const     0x800'0c4c     0x0  zero_init3.o [4]
  .rodata            const     0x800'0c4c     0x0  lz77_init_single.o [4]
                             - 0x800'0c4c   0xac4

"P2":                                       0xd4d
  .text              ro code   0x800'1000   0x404  driver_usart2.o [1]
  .text              ro code   0x800'1404   0x39e  ring_buffer.o [1]
  .text              ro code   0x800'17a4   0x228  scheduler.o [1]
  .text              ro code   0x800'19cc    0xa8  structured_memory.o [1]
  .text              ro code   0x800'1a74    0xac  sequential_memory.o [1]
  .text              ro code   0x800'1b20    0x60  ram_buffer.o [1]
  .text              ro code   0x800'1b80   0x174  module_usart2.o [1]
  app_crc32_rom      const     0x800'1cf4     0x4  scheduler.o [1]
  Initializer bytes  const     0x800'1cf8    0x55  <for P3-2>
                             - 0x800'1d4d   0xd4d

"P1", part 2 of 2:                         0x6d7d
  .text              ro code   0x800'2000    0x98  r3_1_f30x_pwm_curr_fdbk.o [1]
  .text              ro code   0x800'2098    0x5a  r3_1_f30x_pwm_curr_fdbk.o [1]
  .text              ro code   0x800'20f2    0x40  pwm_common.o [1]
  .text              ro code   0x800'2132    0x3a  zero_init3.o [4]
  .text              ro code   0x800'216c   0x958  main.o [1]
  .text              ro code   0x800'2ac4    0x24  stm32f3xx_hal.o [1]
  .text              ro code   0x800'2ae8   0x114  stm32f3xx_ll_gpio.o [1]
  .text              ro code   0x800'2bfc    0x14  memset.o [4]
  .text              ro code   0x800'2c10    0xe0  stm32f3xx_ll_adc.o [1]
  .text              ro code   0x800'2cf0    0x54  stm32f3xx_ll_dac.o [1]
  .text              ro code   0x800'2d44   0x390  stm32f3xx_ll_tim.o [1]
  .text              ro code   0x800'30d4    0xb4  stm32f3xx_ll_usart.o [1]
  .text              ro code   0x800'3188    0x3c  motorcontrol.o [1]
  .text              ro code   0x800'31c4     0xc  bus_voltage_sensor.o [1]
  .text              ro code   0x800'31d0     0xc  stm32f3xx_hal_gpio.o [1]
  .text              ro code   0x800'31dc    0x28  stm32f3xx_hal.o [1]
  .text              ro code   0x800'3204     0xc  stm32f3xx_ll_utils.o [1]
  .text              ro code   0x800'3210    0x40  stm32f3xx_hal.o [1]
  .text              ro code   0x800'3250    0xb0  stm32f3xx_hal_cortex.o [1]
  .text              ro code   0x800'3300    0x34  stm32f3xx_hal_msp.o [1]
  .text              ro code   0x800'3334    0x66  ABImemset.o [4]
  .text              ro code   0x800'339a    0x22  r3_1_f30x_pwm_curr_fdbk.o [1]
  .text              ro code   0x800'33bc    0xe8  stm32f3xx_ll_rcc.o [1]
  .text              ro code   0x800'34a4     0xc  stm32f3xx_hal_rcc.o [1]
  .text              ro code   0x800'34b0   0x22c  mc_tasks.o [1]
  .text              ro code   0x800'36dc    0xa0  mc_tasks.o [1]
  .text              ro code   0x800'377c    0x98  ui_task.o [1]
  .text              ro code   0x800'3814     0xc  stm32f3xx_hal.o [1]
  .text              ro code   0x800'3820     0xa  state_machine.o [1]
  .text              ro code   0x800'382a     0xa  dac_common_ui.o [1]
  .text              ro code   0x800'3834    0x60  pwm_common.o [1]
  .text              ro code   0x800'3894   0x258  mc_config.o [1]
  .text              ro code   0x800'3aec    0x14  pid_regulator.o [1]
  .text              ro code   0x800'3b00    0x68  sto_pll_speed_pos_fdbk.o [1]
  .text              ro code   0x800'3b68    0x26  speed_torq_ctrl.o [1]
  .text              ro code   0x800'3b8e     0x4  virtual_speed_sensor.o [1]
  .text              ro code   0x800'3b92    0x4c  revup_ctrl.o [1]
  .text              ro code   0x800'3bde    0x1a  r_divider_bus_voltage_sensor.o [1]
  .text              ro code   0x800'3bf8    0x26  ntc_temperature_sensor.o [1]
  .text              ro code   0x800'3c1e    0x36  ramp_ext_mngr.o [1]
  .text              ro code   0x800'3c54    0x7c  mc_tasks.o [1]
  .text              ro code   0x800'3cd0    0x16  speed_torq_ctrl.o [1]
  .text              ro code   0x800'3ce6    0x14  mc_interface.o [1]
  .text              ro code   0x800'3cfa     0x6  speed_torq_ctrl.o [1]
  .text              ro code   0x800'3d00     0xe  mc_interface.o [1]
  .text              ro code   0x800'3d0e    0x20  digital_output.o [1]
  .text              ro code   0x800'3d2e    0x3c  inrush_current_limiter.o [1]
  .text              ro code   0x800'3d6a     0xa  sto_pll_speed_pos_fdbk.o [1]
  .text              ro code   0x800'3d74    0xc6  state_machine.o [1]
  .text              ro code   0x800'3e3a     0xa  sto_pll_speed_pos_fdbk.o [1]
  .text              ro code   0x800'3e44   0x400  regal_mc_lib.o [1]
  .text              ro code   0x800'4244    0x18  ABImemcpy_small.o [4]
  .text              ro code   0x800'425c    0x14  user_interface.o [1]
  .text              ro code   0x800'4270     0xa  user_interface.o [1]
  .text              ro code   0x800'427a    0x24  user_interface.o [1]
  .rodata            const     0x800'429e     0x2  mc_tasks.o [1]
  .text              ro code   0x800'42a0    0x22  S32ToDbl.o [3]
  .text              ro code   0x800'42c4   0x1a2  DblMul.o [3]
  .text              ro code   0x800'4468    0x3a  DblToS32.o [3]
  .text              ro code   0x800'44a4    0x1a  U32ToDbl.o [3]
  .text              ro code   0x800'44c0   0x246  DblDiv.o [3]
  .text              ro code   0x800'4708   0x17a  DblAdd.o [3]
  .text              ro code   0x800'4882    0x54  sto_pll_speed_pos_fdbk.o [1]
  .text              ro code   0x800'48d6    0x2a  virtual_speed_sensor.o [1]
  .text              ro code   0x800'4900   0x190  regular_conversion_manager.o [1]
  .text              ro code   0x800'4a90    0x2c  r_divider_bus_voltage_sensor.o [1]
  .text              ro code   0x800'4abc     0x6  ntc_temperature_sensor.o [1]
  .text              ro code   0x800'4ac2     0x4  pid_regulator.o [1]
  .text              ro code   0x800'4ac6    0x10  speed_torq_ctrl.o [1]
  .text              ro code   0x800'4ad6     0x4  pwm_curr_fdbk.o [1]
  .text              ro code   0x800'4ada    0x30  state_machine.o [1]
  .text              ro code   0x800'4b0a     0x4  bus_voltage_sensor.o [1]
  .text              ro code   0x800'4b10     0xc  mc_api.o [1]
  .text              ro code   0x800'4b1c    0x70  pid_regulator.o [1]
  .text              ro code   0x800'4b8c    0x3c  mc_math.o [1]
  .text              ro code   0x800'4bc8     0x6  speed_pos_fdbk.o [1]
  .text              ro code   0x800'4bce    0x54  r3_1_f30x_pwm_curr_fdbk.o [1]
  .text              ro code   0x800'4c22     0x4  pwm_curr_fdbk.o [1]
  .text              ro code   0x800'4c26     0x8  virtual_speed_sensor.o [1]
  .text              ro code   0x800'4c2e    0x8a  speed_torq_ctrl.o [1]
  .text              ro code   0x800'4cb8     0x4  pwm_curr_fdbk.o [1]
  .text              ro code   0x800'4cbc    0x74  virtual_speed_sensor.o [1]
  .text              ro code   0x800'4d30    0xd2  DblSub.o [3]
  .text              ro code   0x800'4e02    0x30  mc_interface.o [1]
  .text              ro code   0x800'4e32     0xc  speed_torq_ctrl.o [1]
  .text              ro code   0x800'4e40   0x57c  module_Mc_StateMachine.o [1]
  .text              ro code   0x800'53bc     0xc  mc_api.o [1]
  .text              ro code   0x800'53c8     0xc  mc_api.o [1]
  .text              ro code   0x800'53d4     0xc  mc_api.o [1]
  .text              ro code   0x800'53e0     0xc  mc_api.o [1]
  .text              ro code   0x800'53ec     0xc  mc_api.o [1]
  .text              ro code   0x800'53f8     0xc  mc_api.o [1]
  .text              ro code   0x800'5404    0x10  mc_api.o [1]
  .text              ro code   0x800'5414   0x102  sqrt.o [3]
  .text              ro code   0x800'5516     0x6  motor_power_measurement.o [1]
  .text              ro code   0x800'551c    0x24  ntc_temperature_sensor.o [1]
  .text              ro code   0x800'5540     0x6  mc_interface.o [1]
  .text              ro code   0x800'5546     0xc  mc_interface.o [1]
  .text              ro code   0x800'5552     0x6  mc_interface.o [1]
  .text              ro code   0x800'5558    0x14  mc_interface.o [1]
  .text              ro code   0x800'556c     0x8  mc_interface.o [1]
  .text              ro code   0x800'5574    0x10  mc_interface.o [1]
  .text              ro code   0x800'5584     0x4  state_machine.o [1]
  .text              ro code   0x800'5588     0xc  state_machine.o [1]
  .text              ro code   0x800'5594    0x16  state_machine.o [1]
  .text              ro code   0x800'55aa     0x4  speed_torq_ctrl.o [1]
  .text              ro code   0x800'55b0   0x4e8  user_interface.o [1]
  .text              ro code   0x800'5a98     0x6  user_interface.o [1]
  .text              ro code   0x800'5a9e     0x4  mc_interface.o [1]
  .text              ro code   0x800'5aa2    0x10  mc_interface.o [1]
  .text              ro code   0x800'5ab2     0x6  mc_interface.o [1]
  .text              ro code   0x800'5ab8     0x4  pid_regulator.o [1]
  .text              ro code   0x800'5abc     0x4  pid_regulator.o [1]
  .text              ro code   0x800'5ac0     0x6  pid_regulator.o [1]
  .text              ro code   0x800'5ac6     0x6  pid_regulator.o [1]
  .text              ro code   0x800'5acc     0x6  pid_regulator.o [1]
  .text              ro code   0x800'5ad2     0xa  sto_pll_speed_pos_fdbk.o [1]
  .text              ro code   0x800'5adc     0x6  speed_pos_fdbk.o [1]
  .text              ro code   0x800'5ae2    0x1e  sto_pll_speed_pos_fdbk.o [1]
  .text              ro code   0x800'5b00    0x14  speed_pos_fdbk.o [1]
  .text              ro code   0x800'5b14    0x1c  sto_pll_speed_pos_fdbk.o [1]
  .text              ro code   0x800'5b30    0x18  sto_pll_speed_pos_fdbk.o [1]
  .text              ro code   0x800'5b48     0x6  sto_pll_speed_pos_fdbk.o [1]
  .text              ro code   0x800'5b4e     0x6  sto_pll_speed_pos_fdbk.o [1]
  .text              ro code   0x800'5b54     0x4  speed_torq_ctrl.o [1]
  .text              ro code   0x800'5b58     0x6  speed_torq_ctrl.o [1]
  .text              ro code   0x800'5b5e     0xe  mc_interface.o [1]
  .text              ro code   0x800'5b6c     0x6  revup_ctrl.o [1]
  .text              ro code   0x800'5b72     0xe  mc_interface.o [1]
  .text              ro code   0x800'5b80     0xe  mc_interface.o [1]
  .text              ro code   0x800'5b8e     0xe  mc_interface.o [1]
  .text              ro code   0x800'5b9c    0x10  mc_interface.o [1]
  .text              ro code   0x800'5bac    0x10  mc_interface.o [1]
  .text              ro code   0x800'5bbc     0xc  speed_torq_ctrl.o [1]
  .text              ro code   0x800'5bc8   0x45c  module_FlashUpdateCmd.o [1]
  .text              ro code   0x800'6024   0x260  module_flash.o [1]
  .text              ro code   0x800'6284   0x14c  stm32f3xx_hal_flash.o [1]
  .text              ro code   0x800'63d0    0xd0  stm32f3xx_hal_flash_ex.o [1]
  .text              ro code   0x800'64a0    0x1e  U64Shr.o [4]
  .text              ro code   0x800'64c0   0x434  mc_tasks.o [1]
  .text              ro code   0x800'68f4    0x5e  inrush_current_limiter.o [1]
  .text              ro code   0x800'6952   0x12c  sto_pll_speed_pos_fdbk.o [1]
  .text              ro code   0x800'6a7e    0x5c  pqd_motor_power_measurement.o [1]
  .text              ro code   0x800'6ada    0x86  revup_ctrl.o [1]
  .text              ro code   0x800'6b60    0x3a  pwm_curr_fdbk.o [1]
  .text              ro code   0x800'6b9a     0x4  speed_torq_ctrl.o [1]
  .text              ro code   0x800'6b9e    0x52  speed_torq_ctrl.o [1]
  .text              ro code   0x800'6bf0    0x80  virtual_speed_sensor.o [1]
  .text              ro code   0x800'6c70    0x8e  sto_pll_speed_pos_fdbk.o [1]
  .text              ro code   0x800'6cfe     0x6  sto_pll_speed_pos_fdbk.o [1]
  .text              ro code   0x800'6d04    0x1e  virtual_speed_sensor.o [1]
  .text              ro code   0x800'6d24    0x68  mc_math.o [1]
  .text              ro code   0x800'6d8c    0x7a  ramp_ext_mngr.o [1]
  .text              ro code   0x800'6e06     0x6  virtual_speed_sensor.o [1]
  .text              ro code   0x800'6e0c     0x2  mc_tasks.o [1]
  .text              ro code   0x800'6e10    0x2c  mc_tasks.o [1]
  .text              ro code   0x800'6e3c    0x10  speed_torq_ctrl.o [1]
  .text              ro code   0x800'6e4c    0x68  mc_interface.o [1]
  .text              ro code   0x800'6eb4    0x18  motor_power_measurement.o [1]
  .text              ro code   0x800'6ecc     0xc  mc_tasks.o [1]
  .text              ro code   0x800'6ed8    0x10  mc_tasks.o [1]
  .text              ro code   0x800'6ee8     0x4  bus_voltage_sensor.o [1]
  .text              ro code   0x800'6eec    0x56  speed_pos_fdbk.o [1]
  .text              ro code   0x800'6f42    0x40  motor_power_measurement.o [1]
  .text              ro code   0x800'6f82     0x8  speed_torq_ctrl.o [1]
  .text              ro code   0x800'6f8a     0xe  virtual_speed_sensor.o [1]
  .text              ro code   0x800'6f98    0x78  mc_math.o [1]
  .text              ro code   0x800'7010    0x26  ramp_ext_mngr.o [1]
  .text              ro code   0x800'7038     0x6  ABImemclr.o [4]
  .text              ro code   0x800'7040   0x3c0  module_ReplyCmd.o [1]
  .text              ro code   0x800'7400     0xc  mc_api.o [1]
  .text              ro code   0x800'740c     0xc  mc_api.o [1]
  .text              ro code   0x800'7418    0x24  mc_interface.o [1]
  .text              ro code   0x800'743c    0x24  mc_interface.o [1]
  .text              ro code   0x800'7460   0x270  module_FlashRegisterCmd.o [1]
  .text              ro code   0x800'76d0   0x220  module_AutoAck.o [1]
  .text              ro code   0x800'78f0   0x202  sto_pll_speed_pos_fdbk.o [1]
  .rodata            const     0x800'7af4   0x200  mc_math.o [1]
  .text              ro code   0x800'7cf4   0x18c  mc_tasks.o [1]
  .text              ro code   0x800'7e80     0xc  ramp_ext_mngr.o [1]
  .text              ro code   0x800'7e8c     0x6  revup_ctrl.o [1]
  .text              ro code   0x800'7e92     0x6  speed_pos_fdbk.o [1]
  .text              ro code   0x800'7e98     0x4  pwm_curr_fdbk.o [1]
  .text              ro code   0x800'7e9c    0x48  mc_math.o [1]
  .text              ro code   0x800'7ee4    0x4c  circle_limitation.o [1]
  .text              ro code   0x800'7f30    0x3c  mc_math.o [1]
  .text              ro code   0x800'7f6c   0x164  pwm_curr_fdbk.o [1]
  .text              ro code   0x800'80d0    0x12  revup_ctrl.o [1]
  .text              ro code   0x800'80e2    0x4c  sto_pll_speed_pos_fdbk.o [1]
  .text              ro code   0x800'812e     0x8  sto_pll_speed_pos_fdbk.o [1]
  .text              ro code   0x800'8136    0x80  virtual_speed_sensor.o [1]
  .text              ro code   0x800'81b8    0xe4  r3_1_f30x_pwm_curr_fdbk.o [1]
  .text              ro code   0x800'829c    0xd4  module_ShortCmd.o [1]
  .text              ro code   0x800'8370     0xc  mc_api.o [1]
  .text              ro code   0x800'837c     0x6  mc_interface.o [1]
  .text              ro code   0x800'8382     0x8  speed_torq_ctrl.o [1]
  .text              ro code   0x800'838c    0xc6  module_app.o [1]
  .text              ro code   0x800'8452    0x9c  r_divider_bus_voltage_sensor.o [1]
  .text              ro code   0x800'84ee    0x1a  r_divider_bus_voltage_sensor.o [1]
  .text              ro code   0x800'8508    0x90  stm32f30x_mc_it.o [1]
  .text              ro code   0x800'8598    0x20  ui_task.o [1]
  .text              ro code   0x800'85b8    0x2a  r3_1_f30x_pwm_curr_fdbk.o [1]
  .text              ro code   0x800'85e2    0x1a  r3_1_f30x_pwm_curr_fdbk.o [1]
  .text              ro code   0x800'85fc    0x32  r3_1_f30x_pwm_curr_fdbk.o [1]
  .text              ro code   0x800'8630    0x38  mc_tasks.o [1]
  .text              ro code   0x800'8668    0x1c  mc_tasks.o [1]
  .text              ro code   0x800'8684    0x10  stm32f3xx_hal.o [1]
  .text              ro code   0x800'8694    0x20  mc_tasks.o [1]
  .text              ro code   0x800'86b4    0x20  mc_tasks.o [1]
  .text              ro code   0x800'86d4    0x88  mc_tasks.o [1]
  .text              ro code   0x800'875c    0x36  ntc_temperature_sensor.o [1]
  .text              ro code   0x800'8792     0x4  pwm_curr_fdbk.o [1]
  .text              ro code   0x800'8796    0x1a  ntc_temperature_sensor.o [1]
  .rodata            const     0x800'87b0    0x84  mc_parameters.o [1]
  .text              ro code   0x800'8834    0x80  module_err_logHande.o [1]
  .text              ro code   0x800'88b4    0x78  lz77_init_single.o [4]
  .text              ro code   0x800'892c    0x48  no_free_heap0.o [2]
  .text              ro code   0x800'8974    0x2c  xgetmemchunk.o [2]
  .rodata            const     0x800'89a0    0x2c  module_FlashUpdateCmd.o [1]
  .text              ro code   0x800'89cc    0x2c  dac_ui.o [1]
  .text              ro code   0x800'89f8    0x2c  system_stm32f3xx.o [1]
  .text              ro code   0x800'8a24    0x28  data_init.o [4]
  .text              ro code   0x800'8a4c    0x22  I64Shl.o [4]
  .text              ro code   0x800'8a70    0x22  fpinit_M.o [3]
  .iar.init_table    const     0x800'8a94    0x30  - Linker created -
  .rodata            const     0x800'8ac4    0x20  motorcontrol.o [1]
  .text              ro code   0x800'8ae4    0x1e  cmain.o [4]
  .text              ro code   0x800'8b02     0x4  low_level_init.o [2]
  .text              ro code   0x800'8b06     0x4  exit.o [2]
  .text              ro code   0x800'8b0c     0xa  cexit.o [4]
  .text              ro code   0x800'8b18    0x14  exit.o [5]
  .text              ro code   0x800'8b2c    0x1c  cstartup_M.o [4]
  .text              ro code   0x800'8b48    0x10  dac_ui.o [1]
  Initializer bytes  const     0x800'8b58   0x225  <for P3-1>
                             - 0x800'8d7d  0x6d7d

Absolute sections, part 1 of 5:               0x2
  .rodata            const     0x800'f000     0x2  main.o [1]
                             - 0x800'f002     0x2

Absolute sections, part 2 of 5:              0x22
  .rodata            const     0x800'f006     0x2  main.o [1]
  .rodata            const     0x800'f008     0x2  main.o [1]
  .rodata            const     0x800'f00a     0x2  main.o [1]
  .rodata            const     0x800'f00c     0x2  main.o [1]
  .rodata            const     0x800'f00e     0x2  main.o [1]
  .rodata            const     0x800'f010     0x2  main.o [1]
  .rodata            const     0x800'f012     0x2  main.o [1]
  .rodata            const     0x800'f014     0x2  main.o [1]
  .rodata            const     0x800'f016     0x2  main.o [1]
  .rodata            const     0x800'f018     0x2  main.o [1]
  .rodata            const     0x800'f01a     0x2  main.o [1]
  .rodata            const     0x800'f01c     0x2  main.o [1]
  .rodata            const     0x800'f01e     0x2  main.o [1]
  .rodata            const     0x800'f020     0x2  main.o [1]
  .rodata            const     0x800'f022     0x2  main.o [1]
  .rodata            const     0x800'f024     0x2  main.o [1]
  .rodata            const     0x800'f026     0x2  main.o [1]
                             - 0x800'f028    0x22

Absolute sections, part 3 of 5:              0x34
  .rodata            const     0x800'f02a     0x2  main.o [1]
  .rodata            const     0x800'f02c     0x2  main.o [1]
  .rodata            const     0x800'f02e     0x2  main.o [1]
  .rodata            const     0x800'f030     0x2  main.o [1]
  .rodata            const     0x800'f032     0x2  main.o [1]
  .rodata            const     0x800'f034     0x2  main.o [1]
  .rodata            const     0x800'f036     0x2  main.o [1]
  .rodata            const     0x800'f038     0x2  main.o [1]
  .rodata            const     0x800'f03a     0x2  main.o [1]
  .rodata            const     0x800'f03c     0x2  main.o [1]
  .rodata            const     0x800'f03e     0x2  main.o [1]
  .rodata            const     0x800'f040     0x2  main.o [1]
  .rodata            const     0x800'f042     0x2  main.o [1]
  .rodata            const     0x800'f044     0x2  main.o [1]
  .rodata            const     0x800'f046     0x2  main.o [1]
  .rodata            const     0x800'f048     0x2  main.o [1]
  .rodata            const     0x800'f04a     0x2  main.o [1]
  .rodata            const     0x800'f04c     0x2  main.o [1]
  .rodata            const     0x800'f04e     0x2  main.o [1]
  .rodata            const     0x800'f050     0x2  main.o [1]
  .rodata            const     0x800'f052     0x2  main.o [1]
  .rodata            const     0x800'f054     0x2  main.o [1]
  .rodata            const     0x800'f056     0x2  main.o [1]
  .rodata            const     0x800'f058     0x2  main.o [1]
  .rodata            const     0x800'f05a     0x2  main.o [1]
  .rodata            const     0x800'f05c     0x2  main.o [1]
                             - 0x800'f05e    0x34

Absolute sections, part 4 of 5:               0xa
  .rodata            const     0x800'f064     0x2  main.o [1]
  .rodata            const     0x800'f066     0x2  main.o [1]
  .rodata            const     0x800'f068     0x2  module_Mc_StateMachine.o [1]
  .rodata            const     0x800'f06a     0x2  module_Mc_StateMachine.o [1]
  .rodata            const     0x800'f06c     0x2  module_Mc_StateMachine.o [1]
                             - 0x800'f06e     0xa

Absolute sections, part 5 of 5:              0x1c
  .rodata            const     0x800'f072     0x2  module_Mc_StateMachine.o [1]
  .rodata            const     0x800'f074     0x2  module_Mc_StateMachine.o [1]
  .rodata            const     0x800'f076     0x2  module_Mc_StateMachine.o [1]
  .rodata            const     0x800'f078     0x2  module_Mc_StateMachine.o [1]
  .rodata            const     0x800'f07a     0x2  module_Mc_StateMachine.o [1]
  .rodata            const     0x800'f07c     0x2  module_Mc_StateMachine.o [1]
  .rodata            const     0x800'f07e     0x2  module_Mc_StateMachine.o [1]
  .rodata            const     0x800'f080     0x2  module_Mc_StateMachine.o [1]
  .rodata            const     0x800'f082     0x2  module_Mc_StateMachine.o [1]
  .rodata            const     0x800'f084     0x2  module_Mc_StateMachine.o [1]
  .rodata            const     0x800'f086     0x2  module_Mc_StateMachine.o [1]
  .rodata            const     0x800'f088     0x2  module_Mc_StateMachine.o [1]
  .rodata            const     0x800'f08a     0x2  module_Mc_StateMachine.o [1]
  .rodata            const     0x800'f08c     0x2  module_Mc_StateMachine.o [1]
                             - 0x800'f08e    0x1c

"P3", part 1 of 3:                          0xa44
  P3-1                        0x2000'0000   0x8ff  <Init block>
    .data            inited   0x2000'0000    0x24  module_app.o [1]
    .data            inited   0x2000'0028    0xd4  module_FlashRegisterCmd.o [1]
    .data            inited   0x2000'0100    0x50  module_Mc_StateMachine.o [1]
    .data            inited   0x2000'0150    0xbc  module_ReplyCmd.o [1]
    .data            inited   0x2000'020c   0x114  mc_config.o [1]
    .data            inited   0x2000'0320   0x370  mc_config.o [1]
    .data            inited   0x2000'0690    0x14  mc_config.o [1]
    .data            inited   0x2000'06a4    0x14  mc_config.o [1]
    .data            inited   0x2000'06b8    0x30  mc_config.o [1]
    .data            inited   0x2000'06e8    0x3c  mc_config.o [1]
    .data            inited   0x2000'0724    0xb4  mc_config.o [1]
    .data            inited   0x2000'07d8     0xc  mc_config.o [1]
    .data            inited   0x2000'07e4    0x6c  mc_tasks.o [1]
    .data            inited   0x2000'0850     0xc  motorcontrol.o [1]
    .data            inited   0x2000'085c    0x2c  regal_mc_lib.o [1]
    .data            inited   0x2000'0888    0x2c  regal_mc_lib.o [1]
    .data            inited   0x2000'08b4    0x1c  regal_mc_lib.o [1]
    .data            inited   0x2000'08d0    0x18  regal_mc_lib.o [1]
    .data            inited   0x2000'08e8     0xc  stm32f3xx_hal.o [1]
    .data            inited   0x2000'08f4     0x4  system_stm32f3xx.o [1]
    .data            inited   0x2000'08f8     0x6  ui_task.o [1]
    .data            inited   0x2000'08fe     0x1  stm32f30x_mc_it.o [1]
  P3-2                        0x2000'0900   0x144  <Init block>
    .data            inited   0x2000'0900    0x68  scheduler.o [1]
    .data            inited   0x2000'0968    0xdc  scheduler.o [1]
                            - 0x2000'0a44   0xa44

"P3", part 2 of 3:                          0x6a0
  .bss               zero     0x2000'0a44    0xcc  ui_task.o [1]
  .bss               zero     0x2000'0b10    0xc8  structured_memory.o [1]
  .bss               zero     0x2000'0bd8    0xc0  sequential_memory.o [1]
  .bss               zero     0x2000'0c98    0x6c  module_ShortCmd.o [1]
  .bss               zero     0x2000'0d04    0x67  driver_usart2.o [1]
  .bss               zero     0x2000'0d6b     0x1  ram_buffer.o [1]
  .bss               zero     0x2000'0d6c    0x64  driver_usart2.o [1]
  .bss               zero     0x2000'0dd0    0x64  driver_usart2.o [1]
  .bss               zero     0x2000'0e34    0x64  module_FlashUpdateCmd.o [1]
  .bss               zero     0x2000'0e98    0x60  module_AutoAck.o [1]
  .bss               zero     0x2000'0ef8    0x54  mc_tasks.o [1]
  .bss               zero     0x2000'0f4c    0x50  module_flash.o [1]
  .bss               zero     0x2000'0f9c    0x34  regular_conversion_manager.o [1]
  .bss               zero     0x2000'0fd0    0x28  mc_tasks.o [1]
  .bss               zero     0x2000'0ff8    0x1c  module_usart2.o [1]
  .bss               zero     0x2000'1018    0x20  module_FlashUpdateCmd.o [1]
  .bss               zero     0x2000'1038    0x20  stm32f3xx_hal_flash.o [1]
  .bss               zero     0x2000'1058    0x18  module_AutoAck.o [1]
  .bss               zero     0x2000'1070    0x18  module_Mc_StateMachine.o [1]
  .bss               zero     0x2000'1088    0x14  module_err_logHande.o [1]
  .bss               zero     0x2000'109c     0xc  mc_config.o [1]
  .bss               zero     0x2000'10a8     0xc  module_flash.o [1]
  .bss               zero     0x2000'10b4     0x8  driver_usart2.o [1]
  .bss               zero     0x2000'10bc     0x4  module_flash.o [1]
  .bss               zero     0x2000'10c0     0x8  main.o [1]
  .bss               zero     0x2000'10c8     0x8  ui_task.o [1]
  .bss               zero     0x2000'10d0     0x4  module_FlashRegisterCmd.o [1]
  .bss               zero     0x2000'10d4     0x4  regal_mc_lib.o [1]
  .bss               zero     0x2000'10d8     0x4  no_free_heap0.o [2]
  .bss               zero     0x2000'10dc     0x4  xgetmemchunk.o [2]
  .bss               zero     0x2000'10e0     0x2  module_flash.o [1]
  .bss               zero     0x2000'10e2     0x1  ring_buffer.o [1]
                            - 0x2000'10e3   0x69f

"P3", part 3 of 3:                         0x1400
  CSTACK                      0x2000'10e8   0x400  <Block>
    CSTACK           uninit   0x2000'10e8   0x400  <Block tail>
  HEAP                        0x2000'14e8  0x1000  <Block>
    HEAP             uninit   0x2000'14e8  0x1000  <Block tail>
                            - 0x2000'24e8  0x1400

Unused ranges:

         From           To    Size
         ----           --    ----
   0x800'0c4c   0x800'0fff   0x3b4
   0x800'1d4d   0x800'1fff   0x2b3
   0x800'8d7d   0x800'efff  0x6283
  0x2000'10e4  0x2000'10e7     0x4
  0x2000'24e8  0x2000'3fff  0x1b18


*******************************************************************************
*** INIT TABLE
***

          Address      Size
          -------      ----
Zero (__iar_zero_init3)
    1 destination range, total size 0x69f:
          0x2000'0a44  0x69f

Copy/lz77 (__iar_lz77_init_single3)
    1 source range, total size 0x225 (23% of destination):
           0x800'8b58  0x225
    1 destination range, total size 0x8ff:
          0x2000'0000  0x8ff

Copy/lz77 (__iar_lz77_init_single3)
    1 source range, total size 0x55 (26% of destination):
           0x800'1cf8   0x55
    1 destination range, total size 0x144:
          0x2000'0900  0x144



*******************************************************************************
*** MODULE SUMMARY
***

    Module                          ro code  ro data  rw data  ro data
                                                                (abs)
    ------                          -------  -------  -------  -------
command line/config:
    ------------------------------------------------------------------
    Total:

C:\Users\610120299\Documents\GitHub\GMI-Motor-sideV2\GMI-Motor-side\EWARM\4.5kW_GMI_DecStar\Obj: [1]
    bus_voltage_sensor.o                 20
    circle_limitation.o                  76
    dac_common_ui.o                      34
    dac_ui.o                             60
    digital_output.o                     32
    driver_usart2.o                   1'028               311
    inrush_current_limiter.o            154
    main.o                            2'392                 8       92
    mc_api.o                            136
    mc_config.o                         600      357    1'508
    mc_interface.o                      446
    mc_math.o                           416      512
    mc_parameters.o                              132
    mc_tasks.o                        2'670       28      232
    module_AutoAck.o                    544               120
    module_FlashRegisterCmd.o           624       52      216
    module_FlashUpdateCmd.o           1'116       44      132
    module_Mc_StateMachine.o          1'404       20      104       34
    module_ReplyCmd.o                   960       44      188
    module_ShortCmd.o                   212               108
    module_app.o                        198        8       36
    module_err_logHande.o               128                20
    module_flash.o                      608                98
    module_usart2.o                     372                28
    motor_power_measurement.o            94
    motorcontrol.o                       60       35       12
    ntc_temperature_sensor.o            160
    pid_regulator.o                     162
    pqd_motor_power_measurement.o        92
    pwm_common.o                        160
    pwm_curr_fdbk.o                     434
    r3_1_f30x_pwm_curr_fdbk.o         3'174
    r_divider_bus_voltage_sensor.o      252
    ram_buffer.o                         96                 1
    ramp_ext_mngr.o                     226
    regal_mc_lib.o                    1'024       33      144
    regular_conversion_manager.o        400                52
    revup_ctrl.o                        240
    ring_buffer.o                       926                 1
    scheduler.o                         552       89      324
    sequential_memory.o                 172               192
    speed_pos_fdbk.o                    124
    speed_torq_ctrl.o                   376
    startup_stm32f302x8.o               620
    state_machine.o                     294
    stm32f30x_mc_it.o                   144        1        1
    stm32f3xx_hal.o                     168        3       12
    stm32f3xx_hal_cortex.o              176
    stm32f3xx_hal_flash.o               332                32
    stm32f3xx_hal_flash_ex.o            208
    stm32f3xx_hal_gpio.o                 12
    stm32f3xx_hal_msp.o                  52
    stm32f3xx_hal_rcc.o                  12
    stm32f3xx_ll_adc.o                  224
    stm32f3xx_ll_dac.o                   84
    stm32f3xx_ll_gpio.o                 276
    stm32f3xx_ll_rcc.o                  232
    stm32f3xx_ll_tim.o                  912
    stm32f3xx_ll_usart.o                180
    stm32f3xx_ll_utils.o                 12
    sto_pll_speed_pos_fdbk.o          1'376
    structured_memory.o                 168               200
    system_stm32f3xx.o                   44        9        4
    ui_task.o                           184        1      218
    user_interface.o                  1'328
    virtual_speed_sensor.o              476
    ------------------------------------------------------------------
    Total:                           30'468    1'368    4'302      126

dl7M_tlf.a: [2]
    abs.o                                 8
    exit.o                                4
    low_level_init.o                      4
    no_free_heap0.o                      72                 4
    xgetmemchunk.o                       44                 4
    ------------------------------------------------------------------
    Total:                              132                 8

m7M_tls.a: [3]
    DblAdd.o                            378
    DblDiv.o                            582
    DblMul.o                            418
    DblSub.o                            210
    DblToS32.o                           58
    S32ToDbl.o                           34
    U32ToDbl.o                           26
    fpinit_M.o                           34
    sqrt.o                              258
    ------------------------------------------------------------------
    Total:                            1'998

rt7M_tl.a: [4]
    ABImemclr.o                           6
    ABImemcpy_small.o                    24
    ABImemset.o                         102
    I64Shl.o                             34
    U64Shr.o                             30
    cexit.o                              10
    cmain.o                              30
    cstartup_M.o                         28
    data_init.o                          40
    lz77_init_single.o                  120
    memset.o                             20
    zero_init3.o                         58
    ------------------------------------------------------------------
    Total:                              502

shb_l.a: [5]
    exit.o                               20
    ------------------------------------------------------------------
    Total:                               20

    Gaps                                 40        6       12
    Linker created                                48    5'120
----------------------------------------------------------------------
    Grand Total:                     33'160    1'422    9'442      126


*******************************************************************************
*** ENTRY LIST
***

Entry                       Address   Size  Type      Object
-----                       -------   ----  ----      ------
.iar.init_table$$Base    0x800'8a94          --   Gb  - Linker created -
.iar.init_table$$Limit   0x800'8ac4          --   Gb  - Linker created -
?main                    0x800'8ae5         Code  Gb  cmain.o [4]
ADC1_IRQHandler          0x800'8509   0x16  Code  Gb  stm32f30x_mc_it.o [1]
AHBPrescTable            0x800'8a14   0x10  Data  Gb  system_stm32f3xx.o [1]
APBPrescTable            0x800'0b48    0x8  Data  Gb  system_stm32f3xx.o [1]
A_BK_RAMP_a              0x800'f04e    0x2  Data  Wk  main.o [1]
A_BK_RAMP_b              0x800'f050    0x2  Data  Wk  main.o [1]
A_BK_RAMP_c              0x800'f052    0x2  Data  Wk  main.o [1]
A_BK_VBUS_ADD            0x800'f04c    0x2  Data  Wk  main.o [1]
A_CONTROLLED_BRAKING     0x800'f04a    0x2  Data  Wk  main.o [1]
A_DEFAULT_CONTROL_MODE   0x800'f020    0x2  Data  Wk  main.o [1]
A_GAIN1                  0x800'f064    0x2  Data  Wk  main.o [1]
A_GAIN2                  0x800'f066    0x2  Data  Wk  main.o [1]
A_IQMAX                  0x800'f01e    0x2  Data  Wk  main.o [1]
A_MAX_APPLICATION_SPEED_RPM
                         0x800'f008    0x2  Data  Wk  main.o [1]
A_MIN_APPLICATION_SPEED_RPM
                         0x800'f00a    0x2  Data  Wk  main.o [1]
A_NOMINAL_CURRENT        0x800'f006    0x2  Data  Wk  main.o [1]
A_OTF_DBEMFG             0x800'f054    0x2  Data  Wk  main.o [1]
A_OTF_MAX_BEMFG          0x800'f056    0x2  Data  Wk  main.o [1]
A_OTF_MAX_SYNC_SPEED     0x800'f05a    0x2  Data  Wk  main.o [1]
A_OTF_MIN_BEMFG          0x800'f058    0x2  Data  Wk  main.o [1]
A_OTF_MIN_SYNC_SPEED     0x800'f05c    0x2  Data  Wk  main.o [1]
A_OV_TEMPERATURE_THRESHOLD_C
                         0x800'f026    0x2  Data  Wk  main.o [1]
A_OV_VOLTAGE_THRESHOLD_V
                         0x800'f022    0x2  Data  Wk  main.o [1]
A_PHASE1_DURATION        0x800'f02a    0x2  Data  Wk  main.o [1]
A_PHASE1_FINAL_CURRENT   0x800'f02e    0x2  Data  Wk  main.o [1]
A_PHASE1_FINAL_SPEED_UNIT
                         0x800'f02c    0x2  Data  Wk  main.o [1]
A_PHASE2_DURATION        0x800'f030    0x2  Data  Wk  main.o [1]
A_PHASE2_FINAL_CURRENT   0x800'f034    0x2  Data  Wk  main.o [1]
A_PHASE2_FINAL_SPEED_UNIT
                         0x800'f032    0x2  Data  Wk  main.o [1]
A_PHASE3_DURATION        0x800'f036    0x2  Data  Wk  main.o [1]
A_PHASE3_FINAL_CURRENT   0x800'f03a    0x2  Data  Wk  main.o [1]
A_PHASE3_FINAL_SPEED_UNIT
                         0x800'f038    0x2  Data  Wk  main.o [1]
A_PHASE4_DURATION        0x800'f03c    0x2  Data  Wk  main.o [1]
A_PHASE4_FINAL_CURRENT   0x800'f040    0x2  Data  Wk  main.o [1]
A_PHASE4_FINAL_SPEED_UNIT
                         0x800'f03e    0x2  Data  Wk  main.o [1]
A_PHASE5_DURATION        0x800'f042    0x2  Data  Wk  main.o [1]
A_PHASE5_FINAL_CURRENT   0x800'f046    0x2  Data  Wk  main.o [1]
A_PHASE5_FINAL_SPEED_UNIT
                         0x800'f044    0x2  Data  Wk  main.o [1]
A_PID_FLUX_KI_DEFAULT    0x800'f018    0x2  Data  Wk  main.o [1]
A_PID_FLUX_KP_DEFAULT    0x800'f016    0x2  Data  Wk  main.o [1]
A_PID_SPEED_KI_DEFAULT   0x800'f01c    0x2  Data  Wk  main.o [1]
A_PID_SPEED_KP_DEFAULT   0x800'f01a    0x2  Data  Wk  main.o [1]
A_PID_TORQUE_KI_DEFAULT
                         0x800'f014    0x2  Data  Wk  main.o [1]
A_PID_TORQUE_KP_DEFAULT
                         0x800'f012    0x2  Data  Wk  main.o [1]
A_PLL_KI_GAIN            0x800'f00e    0x2  Data  Wk  main.o [1]
A_PLL_KP_GAIN            0x800'f00c    0x2  Data  Wk  main.o [1]
A_POLE_PAIR_NUM          0x800'f000    0x2  Data  Wk  main.o [1]
A_PWM_FREQUENCY          0x800'f010    0x2  Data  Wk  main.o [1]
A_TRANSITION_DURATION    0x800'f048    0x2  Data  Wk  main.o [1]
A_UD_VOLTAGE_THRESHOLD_V
                         0x800'f024    0x2  Data  Wk  main.o [1]
AckDatSet                0x800'7863   0x5e  Code  Gb  module_AutoAck.o [1]
AckDeRegistered          0x800'77e7   0x30  Code  Gb  module_AutoAck.o [1]
AckFlushBuf              0x800'7817   0x4c  Code  Gb  module_AutoAck.o [1]
Ack_WaitTime            0x2000'1060    0x8  Data  Gb  module_AutoAck.o [1]
Address                 0x2000'10bc    0x4  Data  Gb  module_flash.o [1]
App_CRC                  0x800'1cf4    0x4  Data  Gb  scheduler.o [1]
AvrCurrentIndx          0x2000'1070    0x1  Data  Gb  module_Mc_StateMachine.o [1]
BrakeHandle_M1          0x2000'08b4   0x1c  Data  Gb  regal_mc_lib.o [1]
BrakingStruct_Init       0x800'3eaf   0x24  Code  Gb  regal_mc_lib.o [1]
CSTACK$$Base            0x2000'10e8          --   Gb  - Linker created -
CSTACK$$Limit           0x2000'14e8          --   Gb  - Linker created -
Calculate_CRC            0x800'1927   0x22  Code  Gb  scheduler.o [1]
CircleLimitationM1      0x2000'0724   0xb4  Data  Gb  mc_config.o [1]
Circle_Limitation        0x800'7ee5   0x4c  Code  Wk  circle_limitation.o [1]
DAC_Exec                 0x800'89cd   0x2c  Code  Wk  dac_ui.o [1]
DAC_GetChannelConfig     0x800'0b59    0x8  Code  Wk  dac_common_ui.o [1]
DAC_GetUserChannelValue
                         0x800'382b    0xa  Code  Wk  dac_common_ui.o [1]
DAC_Init                 0x800'8b49   0x10  Code  Wk  dac_ui.o [1]
DAC_SetChannelConfig     0x800'0b51    0x8  Code  Wk  dac_common_ui.o [1]
DAC_SetUserChannelValue
                         0x800'0b61    0x8  Code  Wk  dac_common_ui.o [1]
DAC_UI_Params           0x2000'06e8   0x3c  Data  Gb  mc_config.o [1]
DOUT_SetOutputState      0x800'3d0f   0x20  Code  Wk  digital_output.o [1]
EraseInitStruct         0x2000'10a8    0xc  Data  Lc  module_flash.o [1]
Err_log_WaitTime        0x2000'1088    0x8  Data  Gb  module_err_logHande.o [1]
Error_Callback           0x800'1373   0x1c  Code  Gb  driver_usart2.o [1]
FLASH_MassErase          0x800'6461   0x1a  Code  Lc  stm32f3xx_hal_flash_ex.o [1]
FLASH_PageErase          0x800'647b   0x1c  Code  Gb  stm32f3xx_hal_flash_ex.o [1]
FLASH_Program_HalfWord   0x800'632b   0x16  Code  Lc  stm32f3xx_hal_flash.o [1]
FLASH_SetErrorCode       0x800'638b   0x2e  Code  Lc  stm32f3xx_hal_flash.o [1]
FLASH_WaitForLastOperation
                         0x800'6341   0x4a  Code  Gb  stm32f3xx_hal_flash.o [1]
FOCStop_CalcCurrRef      0x800'3ff1   0x24  Code  Gb  regal_mc_lib.o [1]
FOCVars                 0x2000'0fd0   0x28  Data  Gb  mc_tasks.o [1]
FOC_BusVoltageControlM1
                         0x800'3e45   0x30  Code  Gb  regal_mc_lib.o [1]
FOC_ImaxCurrentControllerM1
                         0x800'3e75   0x3a  Code  Gb  regal_mc_lib.o [1]
FlashBufDeRegistered     0x800'6197   0x34  Code  Gb  module_flash.o [1]
FlashBufInit             0x800'6173   0x24  Code  Gb  module_flash.o [1]
FlashDatSet              0x800'6213   0x3c  Code  Gb  module_flash.o [1]
FlashFlushBuf            0x800'61cb   0x48  Code  Gb  module_flash.o [1]
FlashRead                0x800'6165    0xe  Code  Gb  module_flash.o [1]
Flash_BufHead           0x2000'10e0    0x1  Data  Gb  module_flash.o [1]
Flash_BufTail           0x2000'10e1    0x1  Data  Gb  module_flash.o [1]
GMI_FaultStatus         0x2000'0109    0x1  Data  Gb  module_Mc_StateMachine.o [1]
HAL_Delay                0x800'31dd   0x28  Code  Wk  stm32f3xx_hal.o [1]
HAL_FLASHEx_Erase        0x800'63d1   0x90  Code  Gb  stm32f3xx_hal_flash_ex.o [1]
HAL_FLASH_Lock           0x800'631b    0xa  Code  Gb  stm32f3xx_hal_flash.o [1]
HAL_FLASH_Program        0x800'6285   0x76  Code  Gb  stm32f3xx_hal_flash.o [1]
HAL_FLASH_Unlock         0x800'62fb   0x20  Code  Gb  stm32f3xx_hal_flash.o [1]
HAL_GPIO_TogglePin       0x800'31d1    0xc  Code  Gb  stm32f3xx_hal_gpio.o [1]
HAL_GetTick              0x800'3815    0xc  Code  Wk  stm32f3xx_hal.o [1]
HAL_IncTick              0x800'8685   0x10  Code  Wk  stm32f3xx_hal.o [1]
HAL_Init                 0x800'2ac5   0x20  Code  Gb  stm32f3xx_hal.o [1]
HAL_InitTick             0x800'3211   0x40  Code  Wk  stm32f3xx_hal.o [1]
HAL_MspInit              0x800'3301   0x34  Code  Gb  stm32f3xx_hal_msp.o [1]
HAL_NVIC_SetPriority     0x800'3285   0x3a  Code  Gb  stm32f3xx_hal_cortex.o [1]
HAL_NVIC_SetPriorityGrouping
                         0x800'326b   0x1a  Code  Gb  stm32f3xx_hal_cortex.o [1]
HAL_RCC_GetHCLKFreq      0x800'34a5    0x6  Code  Gb  stm32f3xx_hal_rcc.o [1]
HAL_SYSTICK_Callback     0x800'19a3   0x14  Code  Gb  scheduler.o [1]
HAL_SYSTICK_Config       0x800'32bf   0x28  Code  Gb  stm32f3xx_hal_cortex.o [1]
HAL_SYSTICK_IRQHandler   0x800'32fd    0x4  Code  Gb  stm32f3xx_hal_cortex.o [1]
HEAP$$Base              0x2000'14e8          --   Gb  - Linker created -
HEAP$$Limit             0x2000'24e8          --   Gb  - Linker created -
HardFault_Handler        0x800'855f    0x8  Code  Gb  stm32f30x_mc_it.o [1]
ICLDOUTParamsM1         0x2000'07d8    0xc  Data  Gb  mc_config.o [1]
ICL_Exec                 0x800'68f5   0x5e  Code  Wk  inrush_current_limiter.o [1]
ICL_Init                 0x800'3d2f   0x3c  Code  Wk  inrush_current_limiter.o [1]
ICL_M1                  0x2000'06a4   0x14  Data  Gb  mc_config.o [1]
IRQgroupItem            0x2000'0903    0x1  Data  Gb  scheduler.o [1]
Imax_count              0x2000'10d4    0x1  Data  Lc  regal_mc_lib.o [1]
IrqGroupIndx_u8         0x2000'0904    0x1  Data  Gb  scheduler.o [1]
IrqModuleRunTime        0x2000'0948    0x8  Data  Gb  scheduler.o [1]
IrqModuleStartTime      0x2000'0940    0x8  Data  Gb  scheduler.o [1]
IrqTrigProcessID        0x2000'0900    0x1  Data  Gb  scheduler.o [1]
IsAckBufFull             0x800'78c1   0x1a  Code  Gb  module_AutoAck.o [1]
IsFlashBufFull           0x800'624f   0x1a  Code  Gb  module_flash.o [1]
LL_ADC_CommonInit        0x800'2c11   0x20  Code  Gb  stm32f3xx_ll_adc.o [1]
LL_ADC_INJ_Init          0x800'2cb1   0x40  Code  Gb  stm32f3xx_ll_adc.o [1]
LL_ADC_INJ_SetSequencerRanks
                         0x800'21fd   0x20  Code  Lc  main.o [1]
LL_ADC_INJ_StartConversion
                         0x800'0189   0x10  Code  Lc  r3_1_f30x_pwm_curr_fdbk.o [1]
LL_ADC_Init              0x800'2c31   0x26  Code  Gb  stm32f3xx_ll_adc.o [1]
LL_ADC_REG_Init          0x800'2c57   0x4c  Code  Gb  stm32f3xx_ll_adc.o [1]
LL_ADC_REG_SetSequencerRanks
                         0x800'21d5   0x28  Code  Lc  main.o [1]
LL_ADC_SetChannelSamplingTime
                         0x800'221d   0x24  Code  Lc  main.o [1]
LL_ADC_SetChannelSingleDiff
                         0x800'2241   0x24  Code  Lc  main.o [1]
LL_AHB1_GRP1_EnableClock
                         0x800'2265    0x6  Code  Lc  main.o [1]
LL_APB2_GRP1_EnableClock
                         0x800'226b    0x4  Code  Lc  main.o [1]
LL_DAC_Init              0x800'2cf1   0x54  Code  Gb  stm32f3xx_ll_dac.o [1]
LL_GPIO_Init             0x800'2ae9  0x114  Code  Gb  stm32f3xx_ll_gpio.o [1]
LL_GPIO_LockPin          0x800'34b1   0x16  Code  Lc  mc_tasks.o [1]
LL_GPIO_ResetOutputPin   0x800'0309    0x4  Code  Lc  r3_1_f30x_pwm_curr_fdbk.o [1]
LL_GPIO_SetOutputPin     0x800'0305    0x4  Code  Lc  r3_1_f30x_pwm_curr_fdbk.o [1]
LL_RCC_GetSystemClocksFreq
                         0x800'33bd   0x20  Code  Gb  stm32f3xx_ll_rcc.o [1]
LL_RCC_GetUSARTClockFreq
                         0x800'33dd   0x4a  Code  Gb  stm32f3xx_ll_rcc.o [1]
LL_SetSystemCoreClock    0x800'3205    0x6  Code  Gb  stm32f3xx_ll_utils.o [1]
LL_TIM_BDTR_Init         0x800'3051   0x62  Code  Gb  stm32f3xx_ll_tim.o [1]
LL_TIM_ClearFlag_UPDATE
                         0x800'02eb    0x8  Code  Lc  r3_1_f30x_pwm_curr_fdbk.o [1]
LL_TIM_EnableAllOutputs
                         0x800'02e1    0xa  Code  Lc  r3_1_f30x_pwm_curr_fdbk.o [1]
LL_TIM_EnableIT_UPDATE   0x800'02fb    0xa  Code  Lc  r3_1_f30x_pwm_curr_fdbk.o [1]
LL_TIM_Init              0x800'2d45   0x66  Code  Gb  stm32f3xx_ll_tim.o [1]
LL_TIM_IsActiveFlag_UPDATE
                         0x800'02f3    0x8  Code  Lc  r3_1_f30x_pwm_curr_fdbk.o [1]
LL_TIM_OC_DisableFast    0x800'2283   0x5c  Code  Lc  main.o [1]
LL_TIM_OC_DisablePreload
                         0x800'0259   0x54  Code  Lc  r3_1_f30x_pwm_curr_fdbk.o [1]
LL_TIM_OC_EnablePreload
                         0x800'22df   0x5c  Code  Lc  main.o [1]
LL_TIM_OC_EnablePreload
                         0x800'0205   0x54  Code  Lc  r3_1_f30x_pwm_curr_fdbk.o [1]
LL_TIM_OC_Init           0x800'2dab  0x29e  Code  Gb  stm32f3xx_ll_tim.o [1]
LL_TIM_OC_SetCompareCH1
                         0x800'02c5    0x4  Code  Lc  r3_1_f30x_pwm_curr_fdbk.o [1]
LL_TIM_OC_SetCompareCH2
                         0x800'02c9    0x4  Code  Lc  r3_1_f30x_pwm_curr_fdbk.o [1]
LL_TIM_OC_SetCompareCH3
                         0x800'02cd    0x4  Code  Lc  r3_1_f30x_pwm_curr_fdbk.o [1]
LL_TIM_OC_SetCompareCH4
                         0x800'02d1    0x4  Code  Lc  r3_1_f30x_pwm_curr_fdbk.o [1]
LL_TIM_OC_SetMode        0x800'0199   0x6c  Code  Lc  r3_1_f30x_pwm_curr_fdbk.o [1]
LL_TIM_SetTriggerOutput
                         0x800'02d5    0xc  Code  Lc  r3_1_f30x_pwm_curr_fdbk.o [1]
LL_USART_Init            0x800'30d5   0xa0  Code  Gb  stm32f3xx_ll_usart.o [1]
LowSide_count           0x2000'10d6    0x2  Data  Lc  regal_mc_lib.o [1]
MCI_ExecBufferedCommands
                         0x800'6e4d   0x68  Code  Wk  mc_interface.o [1]
MCI_ExecSpeedRamp        0x800'3d01    0xe  Code  Wk  mc_interface.o [1]
MCI_FaultAcknowledged    0x800'5553    0x6  Code  Wk  mc_interface.o [1]
MCI_GetAvrgMecSpeedUnit
                         0x800'5575   0x10  Code  Wk  mc_interface.o [1]
MCI_GetControlMode       0x800'5a9f    0x4  Code  Wk  mc_interface.o [1]
MCI_GetIab               0x800'5b73    0xe  Code  Wk  mc_interface.o [1]
MCI_GetIalphabeta        0x800'5b81    0xe  Code  Wk  mc_interface.o [1]
MCI_GetImposedMotorDirection
                         0x800'4e03   0x30  Code  Wk  mc_interface.o [1]
MCI_GetIqd               0x800'5b5f    0xe  Code  Wk  mc_interface.o [1]
MCI_GetIqdref            0x800'5b8f    0xe  Code  Wk  mc_interface.o [1]
MCI_GetLastRampFinalSpeed
                         0x800'5aa3   0x10  Code  Wk  mc_interface.o [1]
MCI_GetMecSpeedRefUnit   0x800'5ab3    0x6  Code  Wk  mc_interface.o [1]
MCI_GetOccurredFaults    0x800'5547    0xc  Code  Wk  mc_interface.o [1]
MCI_GetPhaseCurrentAmplitude
                         0x800'743d   0x24  Code  Wk  mc_interface.o [1]
MCI_GetPhaseVoltageAmplitude
                         0x800'7419   0x24  Code  Wk  mc_interface.o [1]
MCI_GetSTMState          0x800'5541    0x6  Code  Wk  mc_interface.o [1]
MCI_GetValphabeta        0x800'5bad   0x10  Code  Wk  mc_interface.o [1]
MCI_GetVqd               0x800'5b9d   0x10  Code  Wk  mc_interface.o [1]
MCI_Init                 0x800'3ce7   0x14  Code  Wk  mc_interface.o [1]
MCI_StartMotor           0x800'5559   0x14  Code  Wk  mc_interface.o [1]
MCI_StopMotor            0x800'556d    0x8  Code  Wk  mc_interface.o [1]
MCI_StopRamp             0x800'837d    0x6  Code  Wk  mc_interface.o [1]
MCM_Clarke               0x800'7e9d   0x48  Code  Wk  mc_math.o [1]
MCM_Park                 0x800'6d25   0x68  Code  Wk  mc_math.o [1]
MCM_Rev_Park             0x800'7f31   0x3c  Code  Wk  mc_math.o [1]
MCM_Sqrt                 0x800'4b8d   0x3c  Code  Wk  mc_math.o [1]
MCM_Trig_Functions       0x800'6f99   0x78  Code  Wk  mc_math.o [1]
MCP_UI_Params           0x2000'0a44   0xcc  Data  Gb  ui_task.o [1]
MCT                     0x2000'0ef8   0x54  Data  Gb  mc_tasks.o [1]
MC_AcknowledgeFaultMotor1
                         0x800'53d5    0xc  Code  Wk  mc_api.o [1]
MC_GetImposedDirectionMotor1
                         0x800'4b11    0xc  Code  Wk  mc_api.o [1]
MC_GetMecSpeedAverageMotor1
                         0x800'53f9    0xc  Code  Wk  mc_api.o [1]
MC_GetOccurredFaultsMotor1
                         0x800'53c9    0xc  Code  Wk  mc_api.o [1]
MC_GetPhaseCurrentAmplitudeMotor1
                         0x800'740d    0xc  Code  Wk  mc_api.o [1]
MC_GetPhaseVoltageAmplitudeMotor1
                         0x800'7401    0xc  Code  Wk  mc_api.o [1]
MC_GetSTMStateMotor1     0x800'53bd    0xc  Code  Wk  mc_api.o [1]
MC_ProgramSpeedRampMotor1
                         0x800'5405   0x10  Code  Wk  mc_api.o [1]
MC_RunMotorControlTasks
                         0x800'8695   0x20  Code  Wk  mc_tasks.o [1]
MC_Scheduler             0x800'8631   0x38  Code  Wk  mc_tasks.o [1]
MC_StartMotor1           0x800'53e1    0xc  Code  Wk  mc_api.o [1]
MC_StopMotor1            0x800'53ed    0xc  Code  Wk  mc_api.o [1]
MC_StopRampMotor1        0x800'8371    0xc  Code  Wk  mc_api.o [1]
MCboot                   0x800'34c9  0x214  Code  Wk  mc_tasks.o [1]
MPM_CalcElMotorPower     0x800'6f43   0x40  Code  Wk  motor_power_measurement.o [1]
MPM_Clear                0x800'6eb5   0x18  Code  Wk  motor_power_measurement.o [1]
MPM_GetAvrgElMotorPowerW
                         0x800'5517    0x6  Code  Wk  motor_power_measurement.o [1]
MX_MotorControl_Init     0x800'3189   0x3c  Code  Wk  motorcontrol.o [1]
MX_USART2_UART_Init      0x800'1001   0xc0  Code  Gb  driver_usart2.o [1]
Mc_StateMachineStructMem_u32
                        0x2000'0148    0x4  Data  Lc  module_Mc_StateMachine.o [1]
Mci                     0x2000'0834   0x1c  Data  Gb  mc_tasks.o [1]
MotSpinPollCount        0x2000'010c    0x2  Data  Lc  module_Mc_StateMachine.o [1]
MotorBraking_StateMachine
                         0x800'3ed5   0xf8  Code  Gb  regal_mc_lib.o [1]
NTC_CalcAvTemp           0x800'875d   0x36  Code  Wk  ntc_temperature_sensor.o [1]
NTC_GetAvTemp_C          0x800'551d   0x24  Code  Wk  ntc_temperature_sensor.o [1]
NTC_Init                 0x800'3bf9   0x26  Code  Wk  ntc_temperature_sensor.o [1]
NVIC_EncodePriority      0x800'21a3   0x32  Code  Lc  main.o [1]
OFFSET_TAB_CCMRx         0x800'2aac    0xc  Data  Lc  main.o [1]
OFFSET_TAB_CCMRx         0x800'08c4    0xc  Data  Lc  r3_1_f30x_pwm_curr_fdbk.o [1]
OTFHandle_M1            0x2000'08d0   0x18  Data  Gb  regal_mc_lib.o [1]
PIDBkHandle_M1          0x2000'085c   0x2c  Data  Gb  regal_mc_lib.o [1]
PIDIdHandle_M1          0x2000'064c   0x2c  Data  Gb  mc_config.o [1]
PIDImHandle_M1          0x2000'0888   0x2c  Data  Gb  regal_mc_lib.o [1]
PIDIqHandle_M1          0x2000'0620   0x2c  Data  Gb  mc_config.o [1]
PIDSpeedHandle_M1       0x2000'05f4   0x2c  Data  Gb  mc_config.o [1]
PID_GetKD                0x800'5acd    0x6  Code  Wk  pid_regulator.o [1]
PID_GetKI                0x800'5ac7    0x6  Code  Wk  pid_regulator.o [1]
PID_GetKIDivisor         0x800'5abd    0x4  Code  Wk  pid_regulator.o [1]
PID_GetKP                0x800'5ac1    0x6  Code  Wk  pid_regulator.o [1]
PID_GetKPDivisor         0x800'5ab9    0x4  Code  Wk  pid_regulator.o [1]
PID_HandleInit           0x800'3aed   0x14  Code  Wk  pid_regulator.o [1]
PID_SetIntegralTerm      0x800'4ac3    0x4  Code  Wk  pid_regulator.o [1]
PI_Controller            0x800'4b1d   0x70  Code  Wk  pid_regulator.o [1]
PQD_CalcElMotorPower     0x800'6a7f   0x5c  Code  Wk  pqd_motor_power_measurement.o [1]
PQD_MotorPowMeasM1      0x2000'020c  0x114  Data  Gb  mc_config.o [1]
PWMC_CheckOverCurrent    0x800'8793    0x4  Code  Wk  pwm_curr_fdbk.o [1]
PWMC_CurrentReadingCalibr
                         0x800'6b61   0x3a  Code  Wk  pwm_curr_fdbk.o [1]
PWMC_GetPhaseCurrents    0x800'7e99    0x4  Code  Wk  pwm_curr_fdbk.o [1]
PWMC_SetPhaseVoltage     0x800'7f6d  0x164  Code  Wk  pwm_curr_fdbk.o [1]
PWMC_SwitchOffPWM        0x800'4ad7    0x4  Code  Wk  pwm_curr_fdbk.o [1]
PWMC_SwitchOnPWM         0x800'4cb9    0x4  Code  Wk  pwm_curr_fdbk.o [1]
PWMC_TurnOnLowSides      0x800'4c23    0x4  Code  Wk  pwm_curr_fdbk.o [1]
PWM_Handle_M1           0x2000'0448   0x78  Data  Gb  mc_config.o [1]
PerioidTimeValue        0x2000'01b4   0x10  Data  Gb  module_ReplyCmd.o [1]
R3_1_BRK2_IRQHandler     0x800'85fd   0x32  Code  Wk  r3_1_f30x_pwm_curr_fdbk.o [1]
R3_1_BRK_IRQHandler      0x800'85e3   0x1a  Code  Wk  r3_1_f30x_pwm_curr_fdbk.o [1]
R3_1_CurrentReadingPolarization
                         0x800'030d  0x10a  Code  Gb  r3_1_f30x_pwm_curr_fdbk.o [1]
R3_1_GetPhaseCurrents    0x800'81b9   0xe4  Code  Wk  r3_1_f30x_pwm_curr_fdbk.o [1]
R3_1_HFCurrentsPolarizationAB
                         0x800'04b9   0x4a  Code  Lc  r3_1_f30x_pwm_curr_fdbk.o [1]
R3_1_HFCurrentsPolarizationC
                         0x800'0505   0x32  Code  Lc  r3_1_f30x_pwm_curr_fdbk.o [1]
R3_1_Init                0x800'08dd  0x250  Code  Wk  r3_1_f30x_pwm_curr_fdbk.o [1]
R3_1_IsOverCurrentOccurred
                         0x800'339b   0x22  Code  Wk  r3_1_f30x_pwm_curr_fdbk.o [1]
R3_1_ParamsM1            0x800'87b0   0x84  Data  Gb  mc_parameters.o [1]
R3_1_RLDetectionModeDisable
                         0x800'0643   0xd6  Code  Gb  r3_1_f30x_pwm_curr_fdbk.o [1]
R3_1_RLDetectionModeEnable
                         0x800'059f   0x9e  Code  Gb  r3_1_f30x_pwm_curr_fdbk.o [1]
R3_1_RLDetectionModeSetDuty
                         0x800'0725   0x34  Code  Gb  r3_1_f30x_pwm_curr_fdbk.o [1]
R3_1_RLGetPhaseCurrents
                         0x800'0759   0x38  Code  Lc  r3_1_f30x_pwm_curr_fdbk.o [1]
R3_1_RLSwitchOnPWM       0x800'0811   0x98  Code  Lc  r3_1_f30x_pwm_curr_fdbk.o [1]
R3_1_RLTurnOnLowSides    0x800'07c9   0x46  Code  Lc  r3_1_f30x_pwm_curr_fdbk.o [1]
R3_1_SetADCSampPointPolarization
                         0x800'0421   0x10  Code  Gb  r3_1_f30x_pwm_curr_fdbk.o [1]
R3_1_SetADCSampPointSectX
                         0x800'0431   0x50  Code  Gb  r3_1_f30x_pwm_curr_fdbk.o [1]
R3_1_SetAOReferenceVoltage
                         0x800'0537   0x68  Code  Lc  r3_1_f30x_pwm_curr_fdbk.o [1]
R3_1_SwitchOffPWM        0x800'2099   0x5a  Code  Wk  r3_1_f30x_pwm_curr_fdbk.o [1]
R3_1_SwitchOnPWM         0x800'2001   0x98  Code  Wk  r3_1_f30x_pwm_curr_fdbk.o [1]
R3_1_TIMx_UP_IRQHandler
                         0x800'85b9   0x2a  Code  Wk  r3_1_f30x_pwm_curr_fdbk.o [1]
R3_1_TurnOnLowSides      0x800'4bcf   0x54  Code  Wk  r3_1_f30x_pwm_curr_fdbk.o [1]
R3_1_WriteTIMRegisters   0x800'0483   0x36  Code  Lc  r3_1_f30x_pwm_curr_fdbk.o [1]
RCC_GetHCLKClockFreq     0x800'343b    0xc  Code  Gb  stm32f3xx_ll_rcc.o [1]
RCC_GetPCLK1ClockFreq    0x800'3447    0xa  Code  Gb  stm32f3xx_ll_rcc.o [1]
RCC_GetPCLK2ClockFreq    0x800'3457    0xc  Code  Gb  stm32f3xx_ll_rcc.o [1]
RCC_GetSystemClockFreq   0x800'3427   0x14  Code  Gb  stm32f3xx_ll_rcc.o [1]
RCC_PLL_GetFreqDomain_SYS
                         0x800'3463   0x2a  Code  Gb  stm32f3xx_ll_rcc.o [1]
RCM_CB_array            0x2000'0fa0   0x20  Data  Gb  regular_conversion_manager.o [1]
RCM_ExecRegularConv      0x800'49ed   0x62  Code  Gb  regular_conversion_manager.o [1]
RCM_ExecUserConv         0x800'4a4f   0x36  Code  Gb  regular_conversion_manager.o [1]
RCM_RegisterRegConv      0x800'4901   0xde  Code  Gb  regular_conversion_manager.o [1]
RCM_UserConvHandle      0x2000'0f9c    0x1  Data  Gb  regular_conversion_manager.o [1]
RCM_UserConvState       0x2000'0f9d    0x1  Data  Gb  regular_conversion_manager.o [1]
RCM_UserConvValue       0x2000'0f9e    0x2  Data  Gb  regular_conversion_manager.o [1]
RCM_handle_array        0x2000'0fc0   0x10  Data  Gb  regular_conversion_manager.o [1]
REMNG_Calc               0x800'3c2f   0x26  Code  Wk  ramp_ext_mngr.o [1]
REMNG_ExecRamp           0x800'6d8d   0x7a  Code  Wk  ramp_ext_mngr.o [1]
REMNG_Init               0x800'3c1f   0x10  Code  Gb  ramp_ext_mngr.o [1]
REMNG_RampCompleted      0x800'7e81    0xc  Code  Wk  ramp_ext_mngr.o [1]
RUC_Clear                0x800'6adb   0x86  Code  Wk  revup_ctrl.o [1]
RUC_FirstAccelerationStageReached
                         0x800'80d1   0x12  Code  Wk  revup_ctrl.o [1]
RUC_GetNumberOfPhases    0x800'5b6d    0x6  Code  Wk  revup_ctrl.o [1]
RUC_Get_SCLowsideOTF_Status
                         0x800'7e8d    0x6  Code  Wk  revup_ctrl.o [1]
RUC_Init                 0x800'3b93   0x4c  Code  Wk  revup_ctrl.o [1]
RVBS_CalcAvVbusFilt      0x800'8453   0x9c  Code  Wk  r_divider_bus_voltage_sensor.o [1]
RVBS_Init                0x800'3bdf   0x1a  Code  Wk  r_divider_bus_voltage_sensor.o [1]
RamBuf_GetOwner          0x800'1b5d    0x4  Code  Gb  ram_buffer.o [1]
RamBuf_GetProcessInstanceIndex
                         0x800'1b67    0x4  Code  Gb  ram_buffer.o [1]
RamBuf_Initialize        0x800'1b21   0x36  Code  Gb  ram_buffer.o [1]
RamBuf_SetOwner          0x800'1b61    0x6  Code  Gb  ram_buffer.o [1]
RamBuf_SetProcessInstanceIndex
                         0x800'1b6b    0x6  Code  Gb  ram_buffer.o [1]
RamBuf_SetTotalNumOfElements
                         0x800'1b71   0x10  Code  Lc  ram_buffer.o [1]
Ram_mallocError         0x2000'0d6b    0x1  Data  Lc  ram_buffer.o [1]
RampExtMngrHFParamsM1   0x2000'0678   0x18  Data  Gb  mc_config.o [1]
RealBusVoltageSensorFilterBufferM1
                        0x2000'109c    0xc  Data  Gb  mc_config.o [1]
RealBusVoltageSensorParamsM1
                        0x2000'05cc   0x28  Data  Gb  mc_config.o [1]
Reg2Ram                  0x800'6281    0x4  Code  Gb  module_flash.o [1]
RegPerioidTimeValue     0x2000'00a4   0x10  Data  Gb  module_FlashRegisterCmd.o [1]
RegReSend               0x2000'0094   0x10  Data  Gb  module_FlashRegisterCmd.o [1]
RegalSetting_Init        0x800'3895  0x258  Code  Gb  mc_config.o [1]
Regal_OTF_Exec           0x800'407f  0x1c6  Code  Wk  regal_mc_lib.o [1]
RegenControlM1           0x800'4015   0x54  Code  Gb  regal_mc_lib.o [1]
Region$$Table$$Base      0x800'8a94          --   Gb  - Linker created -
Region$$Table$$Limit     0x800'8ac4          --   Gb  - Linker created -
RegisterRead             0x800'7655    0xa  Code  Gb  module_FlashRegisterCmd.o [1]
RegisterSend             0x800'7661   0x3c  Code  Gb  module_FlashRegisterCmd.o [1]
ResendItems_bit         0x2000'008c    0x1  Data  Gb  module_FlashRegisterCmd.o [1]
ResendPeriod            0x2000'008e    0x2  Data  Gb  module_FlashRegisterCmd.o [1]
RevUpControlM1          0x2000'04f4   0x78  Data  Gb  mc_config.o [1]
RingBuf_CalculateAvailableSpace
                         0x800'173d   0x52  Code  Lc  ring_buffer.o [1]
RingBuf_ClearContents    0x800'145d   0x1c  Code  Gb  ring_buffer.o [1]
RingBuf_GetIsOverwrittingAllowed
                         0x800'179f    0x4  Code  Lc  ring_buffer.o [1]
RingBuf_GetOwner         0x800'15c7    0x4  Code  Gb  ring_buffer.o [1]
RingBuf_GetPhysicalAddressOfHeadPlusOffset
                         0x800'166b   0x7a  Code  Lc  ring_buffer.o [1]
RingBuf_GetPointerToRingBuf
                         0x800'15bd    0x4  Code  Gb  ring_buffer.o [1]
RingBuf_GetProcessInstanceIndex
                         0x800'15d7    0x4  Code  Gb  ring_buffer.o [1]
RingBuf_GetTotalNumOfElements
                         0x800'1799    0x6  Code  Lc  ring_buffer.o [1]
RingBuf_GetUsedNumOfElements
                         0x800'15c1    0x6  Code  Gb  ring_buffer.o [1]
RingBuf_GetValueOfHead   0x800'15e1    0x6  Code  Lc  ring_buffer.o [1]
RingBuf_GetValueOfTail   0x800'15ed    0x6  Code  Lc  ring_buffer.o [1]
RingBuf_IncHead          0x800'15f9   0x32  Code  Lc  ring_buffer.o [1]
RingBuf_IncTail          0x800'162b   0x40  Code  Lc  ring_buffer.o [1]
RingBuf_Initialize       0x800'1405   0x54  Code  Gb  ring_buffer.o [1]
RingBuf_IsEmpty          0x800'16ef   0x18  Code  Lc  ring_buffer.o [1]
RingBuf_IsFull           0x800'1707   0x30  Code  Lc  ring_buffer.o [1]
RingBuf_Observe          0x800'152d   0x4a  Code  Gb  ring_buffer.o [1]
RingBuf_ReadBlock        0x800'14e9   0x44  Code  Gb  ring_buffer.o [1]
RingBuf_Search           0x800'1577   0x46  Code  Gb  ring_buffer.o [1]
RingBuf_SetOwner         0x800'15cb    0x6  Code  Gb  ring_buffer.o [1]
RingBuf_SetProcessInstanceIndex
                         0x800'15d1    0x6  Code  Gb  ring_buffer.o [1]
RingBuf_SetSystemInstanceIndex
                         0x800'15db    0x6  Code  Gb  ring_buffer.o [1]
RingBuf_SetUsedNumOfElements
                         0x800'1793    0x6  Code  Lc  ring_buffer.o [1]
RingBuf_SetValueOfHead   0x800'15e7    0x6  Code  Lc  ring_buffer.o [1]
[...]
STO_PLL_CalcAvrgMecSpeedUnit
                         0x800'6953  0x12c  Code  Wk  sto_pll_speed_pos_fdbk.o [1]
STO_PLL_CalcElAngle      0x800'78f1  0x202  Code  Wk  sto_pll_speed_pos_fdbk.o [1]
STO_PLL_Clear            0x800'4883   0x54  Code  Wk  sto_pll_speed_pos_fdbk.o [1]
STO_PLL_ForceConvergency1
                         0x800'3d6b    0xa  Code  Wk  sto_pll_speed_pos_fdbk.o [1]
STO_PLL_ForceConvergency2
                         0x800'3e3b    0xa  Code  Wk  sto_pll_speed_pos_fdbk.o [1]
STO_PLL_GetEstimatedBemf
                         0x800'5b31   0x18  Code  Wk  sto_pll_speed_pos_fdbk.o [1]
STO_PLL_GetEstimatedBemfLevel
                         0x800'5b49    0x6  Code  Wk  sto_pll_speed_pos_fdbk.o [1]
STO_PLL_GetEstimatedCurrent
                         0x800'5b15   0x1c  Code  Wk  sto_pll_speed_pos_fdbk.o [1]
STO_PLL_GetObservedBemfLevel
                         0x800'5b4f    0x6  Code  Wk  sto_pll_speed_pos_fdbk.o [1]
STO_PLL_GetObserverGains
                         0x800'5ad3    0xa  Code  Wk  sto_pll_speed_pos_fdbk.o [1]
STO_PLL_Init             0x800'3b01   0x68  Code  Wk  sto_pll_speed_pos_fdbk.o [1]
STO_PLL_IsObserverConverged
                         0x800'6c71   0x8e  Code  Wk  sto_pll_speed_pos_fdbk.o [1]
STO_PLL_IsVarianceTight
                         0x800'0b69    0x8  Code  Wk  sto_pll_speed_pos_fdbk.o [1]
STO_PLL_M1              0x2000'0320  0x128  Data  Gb  mc_config.o [1]
STO_ResetPLL             0x800'812f    0x8  Code  Wk  sto_pll_speed_pos_fdbk.o [1]
STO_SetDirection         0x800'6cff    0x6  Code  Wk  sto_pll_speed_pos_fdbk.o [1]
Sched_Initialize         0x800'17a5    0xe  Code  Gb  scheduler.o [1]
Sched_Run                0x800'17b3  0x154  Code  Gb  scheduler.o [1]
SeqMem_CreateInstance    0x800'1a75   0x70  Code  Gb  sequential_memory.o [1]
SeqMem_InitBufs          0x800'1af1   0x28  Code  Gb  sequential_memory.o [1]
Set_ValidRx              0x800'78db    0x8  Code  Gb  module_AutoAck.o [1]
SoftwareIrqBitPt        0x2000'0908   0x20  Data  Gb  scheduler.o [1]
SpeednTorqCtrlM1        0x2000'04c0   0x34  Data  Gb  mc_config.o [1]
StartRetryCounter       0x2000'010e    0x2  Data  Gb  module_Mc_StateMachine.o [1]
StructMem_CreateInstance
                         0x800'19cd   0x6c  Code  Gb  structured_memory.o [1]
StructMem_InitBufs       0x800'1a47   0x2a  Code  Gb  structured_memory.o [1]
SysTick_Handler          0x800'8567   0x24  Code  Gb  stm32f30x_mc_it.o [1]
SysTick_Handler::SystickDividerCounter
                        0x2000'08fe    0x1  Data  Lc  stm32f30x_mc_it.o [1]
SystemClock_Config       0x800'29a5   0x94  Code  Gb  main.o [1]
SystemCoreClock         0x2000'08f4    0x4  Data  Gb  system_stm32f3xx.o [1]
SystemInit               0x800'89f9   0x14  Code  Gb  system_stm32f3xx.o [1]
TIM1_BRK_TIM15_IRQHandler
                         0x800'852d   0x32  Code  Gb  stm32f30x_mc_it.o [1]
TIM1_UP_TIM16_IRQHandler
                         0x800'851f    0xe  Code  Gb  stm32f30x_mc_it.o [1]
TSK_HardwareFaultTask    0x800'8669   0x1c  Code  Wk  mc_tasks.o [1]
TSK_HighFrequencyTask    0x800'7cf5  0x18c  Code  Wk  mc_tasks.o [1]
TempSensorParamsM1      0x2000'05a4   0x28  Data  Gb  mc_config.o [1]
TxProcess                0x800'1299   0xce  Code  Gb  driver_usart2.o [1]
UI_DACExec               0x800'427b    0xa  Code  Gb  user_interface.o [1]
UI_DACInit               0x800'4271    0xa  Code  Wk  user_interface.o [1]
UI_DACUpdate             0x800'8599   0x20  Code  Wk  ui_task.o [1]
UI_GetReg                0x800'55b1  0x4e8  Code  Wk  user_interface.o [1]
UI_GetSelectedMC         0x800'5a99    0x6  Code  Wk  user_interface.o [1]
UI_Init                  0x800'425d   0x14  Code  Wk  user_interface.o [1]
UI_Params               0x2000'06b8   0x30  Data  Gb  mc_config.o [1]
UI_Scheduler             0x800'37e9   0x2c  Code  Wk  ui_task.o [1]
UI_SetDAC                0x800'4285    0xa  Code  Gb  user_interface.o [1]
UI_TaskInit              0x800'377d   0x6c  Code  Gb  ui_task.o [1]
USART2_CharReception_Callback
                         0x800'10c3   0x18  Code  Gb  driver_usart2.o [1]
USART2_IRQHandler        0x800'138f   0x48  Code  Gb  driver_usart2.o [1]
USART2_TXEmpty_Callback
                         0x800'10db   0x28  Code  Gb  driver_usart2.o [1]
UniProtocolState        0x2000'0d6a    0x1  Data  Gb  driver_usart2.o [1]
Uni_AckHead             0x2000'1059    0x1  Data  Gb  module_AutoAck.o [1]
Uni_AckTail             0x2000'105a    0x1  Data  Gb  module_AutoAck.o [1]
Uni_NextFrameID         0x2000'105b    0x1  Data  Gb  module_AutoAck.o [1]
UniversalAckInit         0x800'77bf   0x28  Code  Gb  module_AutoAck.o [1]
VBS_CheckVbus            0x800'6ee9    0x4  Code  Wk  bus_voltage_sensor.o [1]
VBS_GetAvBusVoltage_V    0x800'31c5    0xc  Code  Wk  bus_voltage_sensor.o [1]
VBS_GetAvBusVoltage_d    0x800'4b0b    0x4  Code  Wk  bus_voltage_sensor.o [1]
VSS_CalcAvrgMecSpeedUnit
                         0x800'6bf1   0x80  Code  Wk  virtual_speed_sensor.o [1]
VSS_CalcElAngle          0x800'8137   0x80  Code  Wk  virtual_speed_sensor.o [1]
VSS_Clear                0x800'48d7   0x2a  Code  Wk  virtual_speed_sensor.o [1]
VSS_Init                 0x800'3b8f    0x4  Code  Wk  virtual_speed_sensor.o [1]
VSS_SetCopyObserver      0x800'4c27    0x8  Code  Wk  virtual_speed_sensor.o [1]
VSS_SetMecAcceleration   0x800'4cbd   0x74  Code  Wk  virtual_speed_sensor.o [1]
VSS_SetMecAngle          0x800'6f8b    0xe  Code  Wk  virtual_speed_sensor.o [1]
VSS_SetStartTransition   0x800'6d05   0x1e  Code  Wk  virtual_speed_sensor.o [1]
VSS_TransitionEnded      0x800'6e07    0x6  Code  Wk  virtual_speed_sensor.o [1]
ValidRx                 0x2000'1058    0x1  Data  Gb  module_AutoAck.o [1]
VirtualSpeedSensorM1    0x2000'056c   0x38  Data  Gb  mc_config.o [1]
__NVIC_EnableIRQ         0x800'216d   0x18  Code  Lc  main.o [1]
__NVIC_SetPriority       0x800'2185   0x1e  Code  Lc  main.o [1]
__NVIC_SetPriority       0x800'3251   0x1a  Code  Lc  stm32f3xx_hal_cortex.o [1]
__aeabi_d2iz             0x800'4469         Code  Gb  DblToS32.o [3]
__aeabi_dadd             0x800'4709         Code  Gb  DblAdd.o [3]
__aeabi_ddiv             0x800'44c1         Code  Gb  DblDiv.o [3]
__aeabi_dmul             0x800'42c5         Code  Gb  DblMul.o [3]
__aeabi_i2d              0x800'42a1         Code  Gb  S32ToDbl.o [3]
__aeabi_llsl             0x800'8a4d         Code  Gb  I64Shl.o [4]
__aeabi_llsr             0x800'64a1         Code  Gb  U64Shr.o [4]
__aeabi_memclr           0x800'7039         Code  Gb  ABImemclr.o [4]
__aeabi_memset           0x800'3335         Code  Gb  ABImemset.o [4]
__aeabi_ui2d             0x800'44a5         Code  Gb  U32ToDbl.o [3]
__cmain                  0x800'8ae5         Code  Gb  cmain.o [4]
__data_GetMemChunk       0x800'8975   0x2c  Code  Gb  xgetmemchunk.o [2]
__data_GetMemChunk::start
                        0x2000'10dc    0x4  Data  Lc  xgetmemchunk.o [2]
__exit                   0x800'8b19   0x14  Code  Gb  exit.o [5]
__iar_Memset             0x800'3335         Code  Gb  ABImemset.o [4]
__iar_Memset_word        0x800'333d         Code  Gb  ABImemset.o [4]
__iar_dadd               0x800'4d31         Code  Gb  DblSub.o [3]
__iar_data_init3         0x800'8a25   0x28  Code  Gb  data_init.o [4]
__iar_dsub               0x800'4719         Code  Gb  DblAdd.o [3]
__iar_dsubStart          0x800'472b         Code  Gb  DblAdd.o [3]
__iar_init_vfp           0x800'8a71         Code  Gb  fpinit_M.o [3]
__iar_lz77_init_single3
                         0x800'88b5   0x78  Code  Gb  lz77_init_single.o [4]
__iar_program_start      0x800'8b2d         Code  Gb  cstartup_M.o [4]
__iar_small_Memcpy       0x800'4249         Code  Gb  ABImemcpy_small.o [4]
__iar_small_memcpy       0x800'4245         Code  Gb  ABImemcpy_small.o [4]
__iar_small_memcpy4      0x800'4245         Code  Gb  ABImemcpy_small.o [4]
__iar_small_memcpy8      0x800'4245         Code  Gb  ABImemcpy_small.o [4]
__iar_sqrt64             0x800'5425         Code  Gb  sqrt.o [3]
__iar_vfp___iar_sqrt64   0x800'5415         Code  Gb  sqrt.o [3]
__iar_vfp_sqrt           0x800'5415         Code  Gb  sqrt.o [3]
__iar_vfp_sqrtl          0x800'5415         Code  Gb  sqrt.o [3]
__iar_zero_init3         0x800'2133   0x3a  Code  Gb  zero_init3.o [4]
__low_level_init         0x800'8b03    0x4  Code  Gb  low_level_init.o [2]
__no_free_malloc         0x800'892d   0x44  Code  Gb  no_free_heap0.o [2]
__vector_table           0x800'0000         Data  Gb  startup_stm32f302x8.o [1]
_call_main               0x800'8af1         Code  Gb  cmain.o [4]
_exit                    0x800'8b0d         Code  Gb  cexit.o [4]
_main                    0x800'8afb         Code  Gb  cmain.o [4]
abs                      0x800'0b71    0x8  Code  Gb  abs.o [2]
act_dir                 0x2000'010a    0x2  Data  Gb  module_Mc_StateMachine.o [1]
assign_UART2_ModuleMem   0x800'1b81   0x80  Code  Gb  module_usart2.o [1]
autoAckControl          0x2000'1068    0x4  Data  Gb  module_AutoAck.o [1]
autorestart             0x2000'0108    0x1  Data  Gb  module_Mc_StateMachine.o [1]
avrCurrentRd            0x2000'1074   0x10  Data  Gb  module_Mc_StateMachine.o [1]
avrCurrentRdOP          0x2000'1084    0x4  Data  Gb  module_Mc_StateMachine.o [1]
bCOMATRTimeCounter      0x2000'08fc    0x2  Data  Lc  ui_task.o [1]
bCOMTimeoutCounter      0x2000'08fa    0x2  Data  Lc  ui_task.o [1]
bMCBootCompleted        0x2000'07e4    0x1  Data  Gb  mc_tasks.o [1]
bUITaskCounter          0x2000'08f8    0x2  Data  Lc  ui_task.o [1]
blkCalculatedCRC        0x2000'1022    0x2  Data  Gb  module_FlashUpdateCmd.o [1]
buf                     0x2000'0e98   0x60  Data  Gb  module_AutoAck.o [1]
dataLen                 0x2000'0d69    0x1  Data  Lc  driver_usart2.o [1]
decel_control           0x2000'07e5    0x1  Data  Lc  mc_tasks.o [1]
deratingCheck            0x800'535d   0x3a  Code  Gb  module_Mc_StateMachine.o [1]
err_logHandling_Control
                        0x2000'1098    0x4  Data  Gb  module_err_logHande.o [1]
errorCounter            0x2000'0010    0x8  Data  Gb  module_app.o [1]
exit                     0x800'8b07    0x4  Code  Gb  exit.o [2]
flashBlkWriteStateMachine_Run
                         0x800'5d49  0x144  Code  Gb  module_FlashUpdateCmd.o [1]
flashBlockProgram        0x800'6095   0x52  Code  Gb  module_flash.o [1]
flashBlockWrDat         0x2000'1018    0x8  Data  Gb  module_FlashUpdateCmd.o [1]
flashBuf                0x2000'0f4c   0x50  Data  Gb  module_flash.o [1]
flashPageCopy            0x800'6111   0x54  Code  Gb  module_flash.o [1]
flashPageErase           0x800'6053   0x42  Code  Gb  module_flash.o [1]
flashTxBlk               0x800'5eb5  0x116  Code  Gb  module_FlashUpdateCmd.o [1]
getProcessInfoIndex      0x800'1907   0x20  Code  Gb  scheduler.o [1]
getSysCount              0x800'19b7    0x8  Code  Gb  scheduler.o [1]
hBootCapDelayCounterM1  0x2000'07f2    0x2  Data  Lc  mc_tasks.o [1]
hMFTaskCounterM1        0x2000'07f0    0x2  Data  Lc  mc_tasks.o [1]
hSin_Cos_Table           0x800'7af4  0x200  Data  Gb  mc_math.o [1]
hStopPermanencyCounterM1
                        0x2000'07f4    0x2  Data  Lc  mc_tasks.o [1]
headerFramebuf          0x2000'0d6c   0x64  Data  Gb  driver_usart2.o [1]
indexTx                 0x2000'10b4    0x1  Data  Gb  driver_usart2.o [1]
isFlashCRCValid          0x800'60e7   0x2a  Code  Gb  module_flash.o [1]
main                     0x800'234b  0x59a  Code  Gb  main.o [1]
maxIRQTimeUsage         0x2000'0958    0x8  Data  Gb  scheduler.o [1]
maxModuleTimeUsage      0x2000'0950    0x8  Data  Gb  scheduler.o [1]
maxTimeIRQ_ModuleId     0x2000'0902    0x1  Data  Gb  scheduler.o [1]
maxTimeModuleId         0x2000'0901    0x1  Data  Gb  scheduler.o [1]
mc_lock_pins             0x800'36dd   0xa0  Code  Wk  mc_tasks.o [1]
memset                   0x800'2bfd   0x14  Code  Gb  memset.o [4]
moduleAutoAck_u32        0x800'76d1   0xe2  Code  Gb  module_AutoAck.o [1]
moduleFlashRegisterCmd_u32
                         0x800'7461  0x1f4  Code  Gb  module_FlashRegisterCmd.o [1]
moduleFlashUpdateCmd_u32
                         0x800'5bc9  0x180  Code  Gb  module_FlashUpdateCmd.o [1]
moduleFlash_u32          0x800'6025   0x2e  Code  Gb  module_flash.o [1]
moduleReplyCmd_u32       0x800'7041  0x340  Code  Gb  module_ReplyCmd.o [1]
moduleRunTime           0x2000'0938    0x8  Data  Gb  scheduler.o [1]
moduleShortCmd_u32       0x800'829d   0xd4  Code  Gb  module_ShortCmd.o [1]
moduleStartTime         0x2000'0930    0x8  Data  Gb  scheduler.o [1]
moduleUsart2_u32         0x800'1c19   0xc0  Code  Gb  module_usart2.o [1]
module_Mc_StateMachine_u32
                         0x800'4e41  0x436  Code  Gb  module_Mc_StateMachine.o [1]
module_StateMachineControl
                        0x2000'0100    0x8  Data  Gb  module_Mc_StateMachine.o [1]
module_StateMachineControl_AutoAck
                        0x2000'106c    0x4  Data  Gb  module_AutoAck.o [1]
module_StateMachineControl_FlashRegisterCmd
                        0x2000'00f8    0x4  Data  Gb  module_FlashRegisterCmd.o [1]
module_StateMachineControl_FlashUpdateCmd
                        0x2000'1034    0x4  Data  Gb  module_FlashUpdateCmd.o [1]
module_StateMachineControl_ShortCmd
                        0x2000'0d00    0x4  Data  Gb  module_ShortCmd.o [1]
module_err_log_u32       0x800'8835   0x80  Code  Gb  module_err_logHande.o [1]
oMCInterface            0x2000'07f8    0x4  Data  Gb  mc_tasks.o [1]
pBrakeId                0x2000'082c    0x4  Data  Gb  mc_tasks.o [1]
pBusSensorM1            0x2000'080c    0x4  Data  Gb  mc_tasks.o [1]
pCLM                    0x2000'081c    0x4  Data  Gb  mc_tasks.o [1]
pDAC                    0x2000'10c8    0x4  Data  Gb  ui_task.o [1]
pFlash                  0x2000'1038   0x20  Data  Gb  stm32f3xx_hal_flash.o [1]
pMCI                    0x2000'0850    0x4  Data  Gb  motorcontrol.o [1]
pMCP                    0x2000'10cc    0x4  Data  Gb  ui_task.o [1]
pMCT                    0x2000'0854    0x4  Data  Gb  motorcontrol.o [1]
pMPM                    0x2000'0818    0x4  Data  Gb  mc_tasks.o [1]
pOTFId                  0x2000'0830    0x4  Data  Gb  mc_tasks.o [1]
pPIDBk                  0x2000'0824    0x4  Data  Gb  mc_tasks.o [1]
pPIDId                  0x2000'0808    0x4  Data  Gb  mc_tasks.o [1]
pPIDIm                  0x2000'0828    0x4  Data  Gb  mc_tasks.o [1]
pPIDIq                  0x2000'0804    0x4  Data  Gb  mc_tasks.o [1]
pPIDSpeed               0x2000'0800    0x4  Data  Gb  mc_tasks.o [1]
pREMNG                  0x2000'0820    0x4  Data  Gb  mc_tasks.o [1]
pSTC                    0x2000'07fc    0x4  Data  Gb  mc_tasks.o [1]
pTemperatureSensor      0x2000'0810    0x4  Data  Gb  mc_tasks.o [1]
p_moduleApp_u32          0x800'838d   0xb0  Code  Gb  module_app.o [1]
processInfoTable        0x2000'0968   0xdc  Data  Gb  scheduler.o [1]
protocolBuf             0x2000'0d04   0x64  Data  Gb  driver_usart2.o [1]
protocolBuf_FlashRegisterCmd
                        0x2000'0028   0x64  Data  Gb  module_FlashRegisterCmd.o [1]
protocolBuf_FlashUpdateCmd
                        0x2000'0e34   0x64  Data  Gb  module_FlashUpdateCmd.o [1]
protocolBuf_ReplyCmd    0x2000'0150   0x64  Data  Gb  module_ReplyCmd.o [1]
protocolBuf_ShortCmd    0x2000'0c98   0x64  Data  Gb  module_ShortCmd.o [1]
protocolHeaderfetch      0x800'1105  0x194  Code  Gb  driver_usart2.o [1]
pwmcHandle              0x2000'0814    0x4  Data  Gb  mc_tasks.o [1]
qs                      0x2000'10d8    0x4  Data  Lc  no_free_heap0.o [2]
regNum                  0x2000'0090    0x2  Data  Gb  module_FlashRegisterCmd.o [1]
returnStage             0x2000'1020    0x1  Data  Gb  module_FlashUpdateCmd.o [1]
s_fwVer                  0x800'8ac4   0x20  Data  Gb  motorcontrol.o [1]
seqMemArray             0x2000'0bd8   0xc0  Data  Gb  sequential_memory.o [1]
setSpeed                 0x800'52c7   0x34  Code  Gb  module_Mc_StateMachine.o [1]
setupSoftwareIRQ         0x800'1949   0x5a  Code  Gb  scheduler.o [1]
sharedMemArray          0x2000'0b10   0xc8  Data  Gb  structured_memory.o [1]
shifter_u8              0x2000'0960    0x8  Data  Gb  scheduler.o [1]
sqrt                     0x800'5425         Code  Gb  sqrt.o [3]
sqrtl                    0x800'5425         Code  Gb  sqrt.o [3]
startTimers              0x800'3835   0x60  Code  Wk  pwm_common.o [1]
target_speed            0x2000'014c    0x4  Data  Gb  module_Mc_StateMachine.o [1]
testDat                 0x2000'1090    0x8  Data  Gb  module_err_logHande.o [1]
tickCounter             0x2000'0928    0x8  Data  Gb  scheduler.o [1]
tmpry4Test              0x2000'0000    0x1  Data  Gb  module_app.o [1]
tmpryTempature          0x2000'1072    0x2  Data  Gb  module_Mc_StateMachine.o [1]
tt_DemandTime           0x2000'0008    0x8  Data  Gb  module_app.o [1]
tt_DemandtmpDelayTime   0x2000'0018    0x8  Data  Gb  module_app.o [1]
tt_FaultOTFWaitTime_u64
                        0x2000'0140    0x8  Data  Gb  module_Mc_StateMachine.o [1]
tt_FlashFrameTimeOut    0x2000'1028    0x8  Data  Gb  module_FlashUpdateCmd.o [1]
tt_ICLDelay             0x2000'10c0    0x8  Data  Gb  main.o [1]
tt_PerioidTime          0x2000'01c8   0x40  Data  Gb  module_ReplyCmd.o [1]
tt_RegPerioidTime       0x2000'00b8   0x40  Data  Gb  module_FlashRegisterCmd.o [1]
tt_SpinPollTime         0x2000'0110    0x8  Data  Gb  module_Mc_StateMachine.o [1]
tt_StartUpRetryTime     0x2000'0118    0x8  Data  Gb  module_Mc_StateMachine.o [1]
tt_TurnOnLowSideTime    0x2000'0138    0x8  Data  Gb  module_Mc_StateMachine.o [1]
tt_derateCurrentPollTime
                        0x2000'0120    0x8  Data  Gb  module_Mc_StateMachine.o [1]
tt_deratePowerPollTime  0x2000'0128    0x8  Data  Gb  module_Mc_StateMachine.o [1]
tt_derateTempPollTime   0x2000'0130    0x8  Data  Gb  module_Mc_StateMachine.o [1]
ubSizeToSend            0x2000'10b5    0x1  Data  Gb  driver_usart2.o [1]
updateAvrCurrent         0x800'52fb   0x62  Code  Gb  module_Mc_StateMachine.o [1]
usart2CaptureLen        0x2000'0d68    0x1  Data  Gb  driver_usart2.o [1]
usart2Control           0x2000'10b8    0x4  Data  Gb  driver_usart2.o [1]
usart2Control_AppLocal  0x2000'0020    0x4  Data  Gb  module_app.o [1]
usart2Control_FlashRegisterCmd
                        0x2000'10d0    0x4  Data  Gb  module_FlashRegisterCmd.o [1]
usart2Control_FlashUpdateCmd
                        0x2000'1030    0x4  Data  Gb  module_FlashUpdateCmd.o [1]
usart2Control_ReplyCmd  0x2000'0208    0x4  Data  Gb  module_ReplyCmd.o [1]
usart2Control_ShortCmd  0x2000'0cfc    0x4  Data  Gb  module_ShortCmd.o [1]
usart2InternalSeqMem_u32
                        0x2000'0ff8    0x4  Data  Lc  module_usart2.o [1]
usart2SeqMemRXG1_2_u32  0x2000'0ffc    0x4  Data  Lc  module_usart2.o [1]
usart2SeqMemRXG3_u32    0x2000'1000    0x4  Data  Lc  module_usart2.o [1]
usart2SeqMemRXG4H_u32   0x2000'1008    0x4  Data  Lc  module_usart2.o [1]
usart2SeqMemRXG4L_u32   0x2000'1004    0x4  Data  Lc  module_usart2.o [1]
usart2SeqMemTX_u32      0x2000'100c    0x4  Data  Lc  module_usart2.o [1]
usart2StructMem_u32     0x2000'1010    0x4  Data  Lc  module_usart2.o [1]
usart2_Init              0x800'10c1    0x2  Code  Gb  driver_usart2.o [1]
uwCRCValue              0x2000'10b6    0x2  Data  Gb  driver_usart2.o [1]
uwTick                  0x2000'08ec    0x4  Data  Gb  stm32f3xx_hal.o [1]
uwTickFreq              0x2000'08e8    0x1  Data  Gb  stm32f3xx_hal.o [1]
uwTickPrio              0x2000'08f0    0x4  Data  Gb  stm32f3xx_hal.o [1]
wConfig                 0x2000'0858    0x4  Data  Gb  motorcontrol.o [1]
waitForPolarizationEnd   0x800'20f3   0x40  Code  Wk  pwm_common.o [1]
wholeFramebuf           0x2000'0dd0   0x64  Data  Gb  driver_usart2.o [1]


[1] = C:\Users\610120299\Documents\GitHub\GMI-Motor-sideV2\GMI-Motor-side\EWARM\4.5kW_GMI_DecStar\Obj
[2] = dl7M_tlf.a
[3] = m7M_tls.a
[4] = rt7M_tl.a
[5] = shb_l.a

  33'160 bytes of readonly  code memory
   1'422 bytes of readonly  data memory (+ 126 absolute)
   9'442 bytes of readwrite data memory

Errors: none
Warnings: none
